../Core/Src/bldc_motor.c:19:13:_Motor_MaskChannel	24	static
../Core/Src/bldc_motor.c:26:13:_Motor_UnmaskChannel	24	static
../Core/Src/bldc_motor.c:33:7:Motor_CalcLpfCoeff	24	static
../Core/Src/bldc_motor.c:39:6:Motor_LPF	24	static
../Core/Src/bldc_motor.c:44:6:Motor_Ramp	24	static
../Core/Src/bldc_motor.c:58:6:Motor_Init	24	static
../Core/Src/bldc_motor.c:117:6:Motor_Enable	16	static
../Core/Src/bldc_motor.c:123:6:Motor_Disable	16	static
../Core/Src/bldc_motor.c:138:6:Motor_SetPhases	24	static
../Core/Src/bldc_motor.c:163:13:_Motor_PhasesFwd	16	static
../Core/Src/bldc_motor.c:177:13:_Motor_PhasesRev	16	static
../Core/Src/bldc_motor.c:191:6:Motor_UpdateCommutation	16	static
../Core/Src/bldc_motor.c:203:6:Motor_ControlLoop	48	static
../Core/Src/bldc_motor.c:312:6:Motor_Task1ms	24	static
../Core/Src/bldc_motor.c:342:6:Motor_SetRpmRef	16	static
../Core/Src/bldc_motor.c:348:6:Motor_SetDir	16	static
../Core/Src/bldc_motor.c:354:6:Motor_SetSpdFlg	16	static
../Core/Src/bldc_motor.c:360:6:Motor_ClearFault	24	static
