../Core/Src/main.c:90:5:main	8	static
../Core/Src/main.c:147:6:SystemClock_Config	88	static
../Core/Src/main.c:193:13:MX_ADC1_Init	56	static
../Core/Src/main.c:270:13:MX_ADC2_Init	40	static
../Core/Src/main.c:329:13:MX_ADC3_Init	56	static
../Core/Src/main.c:406:13:MX_ADC4_Init	40	static
../Core/Src/main.c:465:13:MX_ADC5_Init	40	static
../Core/Src/main.c:569:13:MX_FDCAN1_Init	8	static
../Core/Src/main.c:612:13:MX_LPUART1_UART_Init	8	static
../Core/Src/main.c:659:13:MX_TIM1_Init	128	static
../Core/Src/main.c:758:13:MX_TIM3_Init	56	static
../Core/Src/main.c:812:13:MX_TIM4_Init	56	static
../Core/Src/main.c:866:13:MX_TIM8_Init	128	static
../Core/Src/main.c:965:13:MX_GPIO_Init	56	static
../Core/Src/main.c:1043:6:Error_Handler	4	static,ignoring_inline_asm
