Archive member included to satisfy reference by file (symbol)

C:/ST/STM32CubeIDE_1.16.1/STM32CubeIDE/plugins/com.st.stm32cube.ide.mcu.externaltools.gnu-tools-for-stm32.12.3.rel1.win32_1.0.200.202406191623/tools/bin/../lib/gcc/arm-none-eabi/12.3.1/../../../../arm-none-eabi/lib/thumb/v7e-m+fp/hard\libc_nano.a(libc_a-exit.o)
                              C:/ST/STM32CubeIDE_1.16.1/STM32CubeIDE/plugins/com.st.stm32cube.ide.mcu.externaltools.gnu-tools-for-stm32.12.3.rel1.win32_1.0.200.202406191623/tools/bin/../lib/gcc/arm-none-eabi/12.3.1/../../../../arm-none-eabi/lib/thumb/v7e-m+fp/hard/crt0.o (exit)
C:/ST/STM32CubeIDE_1.16.1/STM32CubeIDE/plugins/com.st.stm32cube.ide.mcu.externaltools.gnu-tools-for-stm32.12.3.rel1.win32_1.0.200.202406191623/tools/bin/../lib/gcc/arm-none-eabi/12.3.1/../../../../arm-none-eabi/lib/thumb/v7e-m+fp/hard\libc_nano.a(libc_a-findfp.o)
                              C:/ST/STM32CubeIDE_1.16.1/STM32CubeIDE/plugins/com.st.stm32cube.ide.mcu.externaltools.gnu-tools-for-stm32.12.3.rel1.win32_1.0.200.202406191623/tools/bin/../lib/gcc/arm-none-eabi/12.3.1/../../../../arm-none-eabi/lib/thumb/v7e-m+fp/hard\libc_nano.a(libc_a-exit.o) (__stdio_exit_handler)
C:/ST/STM32CubeIDE_1.16.1/STM32CubeIDE/plugins/com.st.stm32cube.ide.mcu.externaltools.gnu-tools-for-stm32.12.3.rel1.win32_1.0.200.202406191623/tools/bin/../lib/gcc/arm-none-eabi/12.3.1/../../../../arm-none-eabi/lib/thumb/v7e-m+fp/hard\libc_nano.a(libc_a-fwalk.o)
                              C:/ST/STM32CubeIDE_1.16.1/STM32CubeIDE/plugins/com.st.stm32cube.ide.mcu.externaltools.gnu-tools-for-stm32.12.3.rel1.win32_1.0.200.202406191623/tools/bin/../lib/gcc/arm-none-eabi/12.3.1/../../../../arm-none-eabi/lib/thumb/v7e-m+fp/hard\libc_nano.a(libc_a-findfp.o) (_fwalk_sglue)
C:/ST/STM32CubeIDE_1.16.1/STM32CubeIDE/plugins/com.st.stm32cube.ide.mcu.externaltools.gnu-tools-for-stm32.12.3.rel1.win32_1.0.200.202406191623/tools/bin/../lib/gcc/arm-none-eabi/12.3.1/../../../../arm-none-eabi/lib/thumb/v7e-m+fp/hard\libc_nano.a(libc_a-stdio.o)
                              C:/ST/STM32CubeIDE_1.16.1/STM32CubeIDE/plugins/com.st.stm32cube.ide.mcu.externaltools.gnu-tools-for-stm32.12.3.rel1.win32_1.0.200.202406191623/tools/bin/../lib/gcc/arm-none-eabi/12.3.1/../../../../arm-none-eabi/lib/thumb/v7e-m+fp/hard\libc_nano.a(libc_a-findfp.o) (__sread)
C:/ST/STM32CubeIDE_1.16.1/STM32CubeIDE/plugins/com.st.stm32cube.ide.mcu.externaltools.gnu-tools-for-stm32.12.3.rel1.win32_1.0.200.202406191623/tools/bin/../lib/gcc/arm-none-eabi/12.3.1/../../../../arm-none-eabi/lib/thumb/v7e-m+fp/hard\libc_nano.a(libc_a-memset.o)
                              C:/ST/STM32CubeIDE_1.16.1/STM32CubeIDE/plugins/com.st.stm32cube.ide.mcu.externaltools.gnu-tools-for-stm32.12.3.rel1.win32_1.0.200.202406191623/tools/bin/../lib/gcc/arm-none-eabi/12.3.1/../../../../arm-none-eabi/lib/thumb/v7e-m+fp/hard/crt0.o (memset)
C:/ST/STM32CubeIDE_1.16.1/STM32CubeIDE/plugins/com.st.stm32cube.ide.mcu.externaltools.gnu-tools-for-stm32.12.3.rel1.win32_1.0.200.202406191623/tools/bin/../lib/gcc/arm-none-eabi/12.3.1/../../../../arm-none-eabi/lib/thumb/v7e-m+fp/hard\libc_nano.a(libc_a-closer.o)
                              C:/ST/STM32CubeIDE_1.16.1/STM32CubeIDE/plugins/com.st.stm32cube.ide.mcu.externaltools.gnu-tools-for-stm32.12.3.rel1.win32_1.0.200.202406191623/tools/bin/../lib/gcc/arm-none-eabi/12.3.1/../../../../arm-none-eabi/lib/thumb/v7e-m+fp/hard\libc_nano.a(libc_a-stdio.o) (_close_r)
C:/ST/STM32CubeIDE_1.16.1/STM32CubeIDE/plugins/com.st.stm32cube.ide.mcu.externaltools.gnu-tools-for-stm32.12.3.rel1.win32_1.0.200.202406191623/tools/bin/../lib/gcc/arm-none-eabi/12.3.1/../../../../arm-none-eabi/lib/thumb/v7e-m+fp/hard\libc_nano.a(libc_a-reent.o)
                              C:/ST/STM32CubeIDE_1.16.1/STM32CubeIDE/plugins/com.st.stm32cube.ide.mcu.externaltools.gnu-tools-for-stm32.12.3.rel1.win32_1.0.200.202406191623/tools/bin/../lib/gcc/arm-none-eabi/12.3.1/../../../../arm-none-eabi/lib/thumb/v7e-m+fp/hard\libc_nano.a(libc_a-closer.o) (errno)
C:/ST/STM32CubeIDE_1.16.1/STM32CubeIDE/plugins/com.st.stm32cube.ide.mcu.externaltools.gnu-tools-for-stm32.12.3.rel1.win32_1.0.200.202406191623/tools/bin/../lib/gcc/arm-none-eabi/12.3.1/../../../../arm-none-eabi/lib/thumb/v7e-m+fp/hard\libc_nano.a(libc_a-impure.o)
                              C:/ST/STM32CubeIDE_1.16.1/STM32CubeIDE/plugins/com.st.stm32cube.ide.mcu.externaltools.gnu-tools-for-stm32.12.3.rel1.win32_1.0.200.202406191623/tools/bin/../lib/gcc/arm-none-eabi/12.3.1/../../../../arm-none-eabi/lib/thumb/v7e-m+fp/hard\libc_nano.a(libc_a-reent.o) (_impure_ptr)
C:/ST/STM32CubeIDE_1.16.1/STM32CubeIDE/plugins/com.st.stm32cube.ide.mcu.externaltools.gnu-tools-for-stm32.12.3.rel1.win32_1.0.200.202406191623/tools/bin/../lib/gcc/arm-none-eabi/12.3.1/../../../../arm-none-eabi/lib/thumb/v7e-m+fp/hard\libc_nano.a(libc_a-lseekr.o)
[...]
Memory Configuration

Name             Origin             Length             Attributes
RAM              0x20000000         0x00020000         xrw
FLASH            0x08000000         0x00080000         xr
*default*        0x00000000         0xffffffff

Linker script and memory map

LOAD C:/ST/STM32CubeIDE_1.16.1/STM32CubeIDE/plugins/com.st.stm32cube.ide.mcu.externaltools.gnu-tools-for-stm32.12.3.rel1.win32_1.0.200.202406191623/tools/bin/../lib/gcc/arm-none-eabi/12.3.1/thumb/v7e-m+fp/hard/crti.o
LOAD C:/ST/STM32CubeIDE_1.16.1/STM32CubeIDE/plugins/com.st.stm32cube.ide.mcu.externaltools.gnu-tools-for-stm32.12.3.rel1.win32_1.0.200.202406191623/tools/bin/../lib/gcc/arm-none-eabi/12.3.1/thumb/v7e-m+fp/hard/crtbegin.o
LOAD C:/ST/STM32CubeIDE_1.16.1/STM32CubeIDE/plugins/com.st.stm32cube.ide.mcu.externaltools.gnu-tools-for-stm32.12.3.rel1.win32_1.0.200.202406191623/tools/bin/../lib/gcc/arm-none-eabi/12.3.1/../../../../arm-none-eabi/lib/thumb/v7e-m+fp/hard/crt0.o
LOAD ./Core/Src/bldc_adc.o
LOAD ./Core/Src/bldc_can.o
LOAD ./Core/Src/bldc_hall.o
LOAD ./Core/Src/bldc_led.o
LOAD ./Core/Src/bldc_mgr.o
LOAD ./Core/Src/bldc_motor.o
LOAD ./Core/Src/main.o
LOAD ./Core/Src/stm32g4xx_hal_msp.o
LOAD ./Core/Src/stm32g4xx_it.o
LOAD ./Core/Src/syscalls.o
LOAD ./Core/Src/sysmem.o
LOAD ./Core/Src/system_stm32g4xx.o
LOAD ./Core/Startup/startup_stm32g473vetx.o
LOAD ./Drivers/STM32G4xx_HAL_Driver/Src/stm32g4xx_hal.o
LOAD ./Drivers/STM32G4xx_HAL_Driver/Src/stm32g4xx_hal_adc.o
LOAD ./Drivers/STM32G4xx_HAL_Driver/Src/stm32g4xx_hal_adc_ex.o
LOAD ./Drivers/STM32G4xx_HAL_Driver/Src/stm32g4xx_hal_cortex.o
LOAD ./Drivers/STM32G4xx_HAL_Driver/Src/stm32g4xx_hal_dma.o
LOAD ./Drivers/STM32G4xx_HAL_Driver/Src/stm32g4xx_hal_dma_ex.o
LOAD ./Drivers/STM32G4xx_HAL_Driver/Src/stm32g4xx_hal_exti.o
LOAD ./Drivers/STM32G4xx_HAL_Driver/Src/stm32g4xx_hal_fdcan.o
LOAD ./Drivers/STM32G4xx_HAL_Driver/Src/stm32g4xx_hal_flash.o
LOAD ./Drivers/STM32G4xx_HAL_Driver/Src/stm32g4xx_hal_flash_ex.o
LOAD ./Drivers/STM32G4xx_HAL_Driver/Src/stm32g4xx_hal_flash_ramfunc.o
LOAD ./Drivers/STM32G4xx_HAL_Driver/Src/stm32g4xx_hal_gpio.o
LOAD ./Drivers/STM32G4xx_HAL_Driver/Src/stm32g4xx_hal_pwr.o
LOAD ./Drivers/STM32G4xx_HAL_Driver/Src/stm32g4xx_hal_pwr_ex.o
LOAD ./Drivers/STM32G4xx_HAL_Driver/Src/stm32g4xx_hal_rcc.o
LOAD ./Drivers/STM32G4xx_HAL_Driver/Src/stm32g4xx_hal_rcc_ex.o
LOAD ./Drivers/STM32G4xx_HAL_Driver/Src/stm32g4xx_hal_tim.o
LOAD ./Drivers/STM32G4xx_HAL_Driver/Src/stm32g4xx_hal_tim_ex.o
LOAD ./Drivers/STM32G4xx_HAL_Driver/Src/stm32g4xx_hal_uart.o
LOAD ./Drivers/STM32G4xx_HAL_Driver/Src/stm32g4xx_hal_uart_ex.o
LOAD ./Drivers/STM32G4xx_HAL_Driver/Src/stm32g4xx_ll_adc.o
START GROUP
LOAD C:/ST/STM32CubeIDE_1.16.1/STM32CubeIDE/plugins/com.st.stm32cube.ide.mcu.externaltools.gnu-tools-for-stm32.12.3.rel1.win32_1.0.200.202406191623/tools/bin/../lib/gcc/arm-none-eabi/12.3.1/../../../../arm-none-eabi/lib/thumb/v7e-m+fp/hard\libc_nano.a
LOAD C:/ST/STM32CubeIDE_1.16.1/STM32CubeIDE/plugins/com.st.stm32cube.ide.mcu.externaltools.gnu-tools-for-stm32.12.3.rel1.win32_1.0.200.202406191623/tools/bin/../lib/gcc/arm-none-eabi/12.3.1/../../../../arm-none-eabi/lib/thumb/v7e-m+fp/hard\libm.a
END GROUP
START GROUP
LOAD C:/ST/STM32CubeIDE_1.16.1/STM32CubeIDE/plugins/com.st.stm32cube.ide.mcu.externaltools.gnu-tools-for-stm32.12.3.rel1.win32_1.0.200.202406191623/tools/bin/../lib/gcc/arm-none-eabi/12.3.1/thumb/v7e-m+fp/hard\libgcc.a
LOAD C:/ST/STM32CubeIDE_1.16.1/STM32CubeIDE/plugins/com.st.stm32cube.ide.mcu.externaltools.gnu-tools-for-stm32.12.3.rel1.win32_1.0.200.202406191623/tools/bin/../lib/gcc/arm-none-eabi/12.3.1/../../../../arm-none-eabi/lib/thumb/v7e-m+fp/hard\libc_nano.a
END GROUP
START GROUP
LOAD C:/ST/STM32CubeIDE_1.16.1/STM32CubeIDE/plugins/com.st.stm32cube.ide.mcu.externaltools.gnu-tools-for-stm32.12.3.rel1.win32_1.0.200.202406191623/tools/bin/../lib/gcc/arm-none-eabi/12.3.1/thumb/v7e-m+fp/hard\libgcc.a
LOAD C:/ST/STM32CubeIDE_1.16.1/STM32CubeIDE/plugins/com.st.stm32cube.ide.mcu.externaltools.gnu-tools-for-stm32.12.3.rel1.win32_1.0.200.202406191623/tools/bin/../lib/gcc/arm-none-eabi/12.3.1/../../../../arm-none-eabi/lib/thumb/v7e-m+fp/hard\libc_nano.a
LOAD C:/ST/STM32CubeIDE_1.16.1/STM32CubeIDE/plugins/com.st.stm32cube.ide.mcu.externaltools.gnu-tools-for-stm32.12.3.rel1.win32_1.0.200.202406191623/tools/bin/../lib/gcc/arm-none-eabi/12.3.1/../../../../arm-none-eabi/lib/thumb/v7e-m+fp/hard\libnosys.a
END GROUP
START GROUP
LOAD C:/ST/STM32CubeIDE_1.16.1/STM32CubeIDE/plugins/com.st.stm32cube.ide.mcu.externaltools.gnu-tools-for-stm32.12.3.rel1.win32_1.0.200.202406191623/tools/bin/../lib/gcc/arm-none-eabi/12.3.1/thumb/v7e-m+fp/hard\libgcc.a
LOAD C:/ST/STM32CubeIDE_1.16.1/STM32CubeIDE/plugins/com.st.stm32cube.ide.mcu.externaltools.gnu-tools-for-stm32.12.3.rel1.win32_1.0.200.202406191623/tools/bin/../lib/gcc/arm-none-eabi/12.3.1/../../../../arm-none-eabi/lib/thumb/v7e-m+fp/hard\libc_nano.a
LOAD C:/ST/STM32CubeIDE_1.16.1/STM32CubeIDE/plugins/com.st.stm32cube.ide.mcu.externaltools.gnu-tools-for-stm32.12.3.rel1.win32_1.0.200.202406191623/tools/bin/../lib/gcc/arm-none-eabi/12.3.1/../../../../arm-none-eabi/lib/thumb/v7e-m+fp/hard\libnosys.a
END GROUP
LOAD C:/ST/STM32CubeIDE_1.16.1/STM32CubeIDE/plugins/com.st.stm32cube.ide.mcu.externaltools.gnu-tools-for-stm32.12.3.rel1.win32_1.0.200.202406191623/tools/bin/../lib/gcc/arm-none-eabi/12.3.1/thumb/v7e-m+fp/hard/crtend.o
LOAD C:/ST/STM32CubeIDE_1.16.1/STM32CubeIDE/plugins/com.st.stm32cube.ide.mcu.externaltools.gnu-tools-for-stm32.12.3.rel1.win32_1.0.200.202406191623/tools/bin/../lib/gcc/arm-none-eabi/12.3.1/thumb/v7e-m+fp/hard/crtn.o
                0x20020000                        _estack = (ORIGIN (RAM) + LENGTH (RAM))
                0x00000200                        _Min_Heap_Size = 0x200
                0x00000400                        _Min_Stack_Size = 0x400

.isr_vector     0x08000000      0x1d8
                0x08000000                        . = ALIGN (0x4)
 *(.isr_vector)
 .isr_vector    0x08000000      0x1d8 ./Core/Startup/startup_stm32g473vetx.o
                0x08000000                g_pfnVectors
                0x080001d8                        . = ALIGN (0x4)

.text           0x080001d8     0xac10
                0x080001d8                        . = ALIGN (0x4)
 *(.text)
 .text          0x080001d8       0x40 C:/ST/STM32CubeIDE_1.16.1/STM32CubeIDE/plugins/com.st.stm32cube.ide.mcu.externaltools.gnu-tools-for-stm32.12.3.rel1.win32_1.0.200.202406191623/tools/bin/../lib/gcc/arm-none-eabi/12.3.1/thumb/v7e-m+fp/hard/crtbegin.o
 .text          0x08000218       0x30 C:/ST/STM32CubeIDE_1.16.1/STM32CubeIDE/plugins/com.st.stm32cube.ide.mcu.externaltools.gnu-tools-for-stm32.12.3.rel1.win32_1.0.200.202406191623/tools/bin/../lib/gcc/arm-none-eabi/12.3.1/thumb/v7e-m+fp/hard\libgcc.a(_aeabi_uldivmod.o)
                0x08000218                __aeabi_uldivmod
 .text          0x08000248      0x2bc C:/ST/STM32CubeIDE_1.16.1/STM32CubeIDE/plugins/com.st.stm32cube.ide.mcu.externaltools.gnu-tools-for-stm32.12.3.rel1.win32_1.0.200.202406191623/tools/bin/../lib/gcc/arm-none-eabi/12.3.1/thumb/v7e-m+fp/hard\libgcc.a(_udivmoddi4.o)
                0x08000248                __udivmoddi4
 .text          0x08000504        0x4 C:/ST/STM32CubeIDE_1.16.1/STM32CubeIDE/plugins/com.st.stm32cube.ide.mcu.externaltools.gnu-tools-for-stm32.12.3.rel1.win32_1.0.200.202406191623/tools/bin/../lib/gcc/arm-none-eabi/12.3.1/thumb/v7e-m+fp/hard\libgcc.a(_dvmd_tls.o)
                0x08000504                __aeabi_idiv0
                0x08000504                __aeabi_ldiv0
 *(.text*)
 .text._ADC_RawToAmpere
                0x08000508       0x54 ./Core/Src/bldc_adc.o
 .text.ADC_CalibrateOffset
                0x0800055c       0xe4 ./Core/Src/bldc_adc.o
                0x0800055c                ADC_CalibrateOffset
 .text.ADC_SampleCurrents
                0x08000640      0x11c ./Core/Src/bldc_adc.o
                0x08000640                ADC_SampleCurrents
 .text._ADC5_ReadChannel
                0x0800075c       0x64 ./Core/Src/bldc_adc.o
 .text._ADC5_ReadJoy
                0x080007c0       0xa4 ./Core/Src/bldc_adc.o
 .text.ADC_Task10ms
                0x08000864      0x410 ./Core/Src/bldc_adc.o
                0x08000864                ADC_Task10ms
 .text._CAN_FloatToInt16
                0x08000c74       0x6c ./Core/Src/bldc_can.o
 .text.CAN_Init
                0x08000ce0       0x70 ./Core/Src/bldc_can.o
                0x08000ce0                CAN_Init
 .text._CAN_SendStatus
                0x08000d50      0x228 ./Core/Src/bldc_can.o
 .text.CAN_Task100ms
                0x08000f78       0x9c ./Core/Src/bldc_can.o
                0x08000f78                CAN_Task100ms
 .text.HAL_FDCAN_RxFifo0Callback
                0x08001014      0x1e4 ./Core/Src/bldc_can.o
                0x08001014                HAL_FDCAN_RxFifo0Callback
 .text.HAL_FDCAN_ErrorStatusCallback
                0x080011f8       0x40 ./Core/Src/bldc_can.o
                0x080011f8                HAL_FDCAN_ErrorStatusCallback
 .text.Hall_ReadState
                0x08001238       0x94 ./Core/Src/bldc_hall.o
                0x08001238                Hall_ReadState
 .text.HAL_TIM_IC_CaptureCallback
                0x080012cc       0xb0 ./Core/Src/bldc_hall.o
                0x080012cc                HAL_TIM_IC_CaptureCallback
 .text.LED_Init
                0x0800137c       0x6c ./Core/Src/bldc_led.o
                0x0800137c                LED_Init
 .text.LED_SysTick
                0x080013e8       0x58 ./Core/Src/bldc_led.o
                0x080013e8                LED_SysTick
 .text.LED_SignalCAN
                0x08001440       0x18 ./Core/Src/bldc_led.o
                0x08001440                LED_SignalCAN
 .text.LED_Task10ms
                0x08001458      0x150 ./Core/Src/bldc_led.o
                0x08001458                LED_Task10ms
 .text.BLDC_Init
                0x080015a8       0xe4 ./Core/Src/bldc_mgr.o
                0x080015a8                BLDC_Init
 .text.BLDC_Run
                0x0800168c      0x11c ./Core/Src/bldc_mgr.o
                0x0800168c                BLDC_Run
 .text.HAL_TIM_PeriodElapsedCallback
                0x080017a8       0x48 ./Core/Src/bldc_mgr.o
                0x080017a8                HAL_TIM_PeriodElapsedCallback
 .text._Motor_MaskChannel
                0x080017f0       0x3a ./Core/Src/bldc_motor.o
 .text._Motor_UnmaskChannel
                0x0800182a       0x36 ./Core/Src/bldc_motor.o
 .text.Motor_CalcLpfCoeff
                0x08001860       0x50 ./Core/Src/bldc_motor.o
                0x08001860                Motor_CalcLpfCoeff
 .text.Motor_LPF
                0x080018b0       0x48 ./Core/Src/bldc_motor.o
                0x080018b0                Motor_LPF
 .text.Motor_Ramp
                0x080018f8       0xa8 ./Core/Src/bldc_motor.o
                0x080018f8                Motor_Ramp
 .text.Motor_Init
                0x080019a0      0x1c8 ./Core/Src/bldc_motor.o
                0x080019a0                Motor_Init
 .text.Motor_Enable
                0x08001b68       0x30 ./Core/Src/bldc_motor.o
                0x08001b68                Motor_Enable
 .text.Motor_Disable
                0x08001b98      0x1a8 ./Core/Src/bldc_motor.o
                0x08001b98                Motor_Disable
 .text.Motor_SetPhases
                0x08001d40      0x4ea ./Core/Src/bldc_motor.o
                0x08001d40                Motor_SetPhases
 *fill*         0x0800222a        0x2 
 .text._Motor_PhasesFwd
                0x0800222c       0xa8 ./Core/Src/bldc_motor.o
 .text._Motor_PhasesRev
                0x080022d4       0xa8 ./Core/Src/bldc_motor.o
 .text.Motor_UpdateCommutation
                0x0800237c       0x28 ./Core/Src/bldc_motor.o
                0x0800237c                Motor_UpdateCommutation
 .text.Motor_ControlLoop
                0x080023a4      0x2d0 ./Core/Src/bldc_motor.o
                0x080023a4                Motor_ControlLoop
 .text.Motor_Task1ms
                0x08002674       0xf8 ./Core/Src/bldc_motor.o
                0x08002674                Motor_Task1ms
 .text.Motor_SetRpmRef
                0x0800276c       0x38 ./Core/Src/bldc_motor.o
                0x0800276c                Motor_SetRpmRef
 .text.Motor_SetDir
                0x080027a4       0x3c ./Core/Src/bldc_motor.o
                0x080027a4                Motor_SetDir
 .text.Motor_ClearFault
                0x080027e0       0x4c ./Core/Src/bldc_motor.o
                0x080027e0                Motor_ClearFault
 .text.main     0x0800282c       0x46 ./Core/Src/main.o
                0x0800282c                main
 .text.SystemClock_Config
                0x08002872       0x92 ./Core/Src/main.o
                0x08002872                SystemClock_Config
 .text.MX_ADC1_Init
                0x08002904      0x110 ./Core/Src/main.o
 .text.MX_ADC2_Init
                0x08002a14       0xcc ./Core/Src/main.o
 .text.MX_ADC3_Init
                0x08002ae0      0x110 ./Core/Src/main.o
 .text.MX_ADC4_Init
                0x08002bf0       0xcc ./Core/Src/main.o
 .text.MX_ADC5_Init
                0x08002cbc      0x170 ./Core/Src/main.o
 .text.MX_FDCAN1_Init
                0x08002e2c       0x8c ./Core/Src/main.o
 .text.MX_LPUART1_UART_Init
                0x08002eb8       0x94 ./Core/Src/main.o
 .text.MX_TIM1_Init
                0x08002f4c      0x1cc ./Core/Src/main.o
 .text.MX_TIM3_Init
                0x08003118       0xd0 ./Core/Src/main.o
 .text.MX_TIM4_Init
                0x080031e8       0xd0 ./Core/Src/main.o
 .text.MX_TIM8_Init
                0x080032b8      0x1cc ./Core/Src/main.o
 .text.MX_GPIO_Init
                0x08003484      0x194 ./Core/Src/main.o
 .text.Error_Handler
                0x08003618        0xc ./Core/Src/main.o
                0x08003618                Error_Handler
 .text.HAL_MspInit
                0x08003624       0x48 ./Core/Src/stm32g4xx_hal_msp.o
                0x08003624                HAL_MspInit
 .text.HAL_ADC_MspInit
                0x0800366c      0x398 ./Core/Src/stm32g4xx_hal_msp.o
                0x0800366c                HAL_ADC_MspInit
 .text.HAL_FDCAN_MspInit
                0x08003a04       0xc4 ./Core/Src/stm32g4xx_hal_msp.o
                0x08003a04                HAL_FDCAN_MspInit
 .text.HAL_UART_MspInit
                0x08003ac8       0xb0 ./Core/Src/stm32g4xx_hal_msp.o
                0x08003ac8                HAL_UART_MspInit
 .text.HAL_TIM_Base_MspInit
                0x08003b78      0x214 ./Core/Src/stm32g4xx_hal_msp.o
                0x08003b78                HAL_TIM_Base_MspInit
 .text.HAL_TIM_MspPostInit
                0x08003d8c      0x1b8 ./Core/Src/stm32g4xx_hal_msp.o
                0x08003d8c                HAL_TIM_MspPostInit
 .text.NMI_Handler
                0x08003f44        0x8 ./Core/Src/stm32g4xx_it.o
                0x08003f44                NMI_Handler
 .text.HardFault_Handler
                0x08003f4c        0x8 ./Core/Src/stm32g4xx_it.o
                0x08003f4c                HardFault_Handler
 .text.MemManage_Handler
                0x08003f54        0x8 ./Core/Src/stm32g4xx_it.o
                0x08003f54                MemManage_Handler
 .text.BusFault_Handler
                0x08003f5c        0x8 ./Core/Src/stm32g4xx_it.o
                0x08003f5c                BusFault_Handler
 .text.UsageFault_Handler
                0x08003f64        0x8 ./Core/Src/stm32g4xx_it.o
                0x08003f64                UsageFault_Handler
 .text.SVC_Handler
                0x08003f6c        0xe ./Core/Src/stm32g4xx_it.o
                0x08003f6c                SVC_Handler
 .text.DebugMon_Handler
                0x08003f7a        0xe ./Core/Src/stm32g4xx_it.o
                0x08003f7a                DebugMon_Handler
 .text.PendSV_Handler
                0x08003f88        0xe ./Core/Src/stm32g4xx_it.o
                0x08003f88                PendSV_Handler
 .text.SysTick_Handler
                0x08003f96        0xc ./Core/Src/stm32g4xx_it.o
                0x08003f96                SysTick_Handler
 *fill*         0x08003fa2        0x2 
 .text.FDCAN1_IT0_IRQHandler
                0x08003fa4       0x14 ./Core/Src/stm32g4xx_it.o
                0x08003fa4                FDCAN1_IT0_IRQHandler
 .text.TIM1_BRK_TIM15_IRQHandler
                0x08003fb8       0x14 ./Core/Src/stm32g4xx_it.o
                0x08003fb8                TIM1_BRK_TIM15_IRQHandler
 .text.TIM1_UP_TIM16_IRQHandler
                0x08003fcc       0x14 ./Core/Src/stm32g4xx_it.o
                0x08003fcc                TIM1_UP_TIM16_IRQHandler
 .text.TIM3_IRQHandler
                0x08003fe0       0x14 ./Core/Src/stm32g4xx_it.o
                0x08003fe0                TIM3_IRQHandler
 .text.TIM4_IRQHandler
                0x08003ff4       0x14 ./Core/Src/stm32g4xx_it.o
                0x08003ff4                TIM4_IRQHandler
 .text.TIM8_BRK_IRQHandler
                0x08004008       0x14 ./Core/Src/stm32g4xx_it.o
                0x08004008                TIM8_BRK_IRQHandler
 .text.TIM8_UP_IRQHandler
                0x0800401c       0x14 ./Core/Src/stm32g4xx_it.o
                0x0800401c                TIM8_UP_IRQHandler
 .text.SystemInit
                0x08004030       0x24 ./Core/Src/system_stm32g4xx.o
                0x08004030                SystemInit
 .text.Reset_Handler
                0x08004054       0x50 ./Core/Startup/startup_stm32g473vetx.o
                0x08004054                Reset_Handler
 .text.Default_Handler
                0x080040a4        0x2 ./Core/Startup/startup_stm32g473vetx.o
                0x080040a4                RTC_Alarm_IRQHandler
                0x080040a4                EXTI2_IRQHandler
                0x080040a4                TIM8_TRG_COM_IRQHandler
                0x080040a4                TIM8_CC_IRQHandler
                0x080040a4                SPI4_IRQHandler
                0x080040a4                FDCAN3_IT0_IRQHandler
                0x080040a4                TIM1_CC_IRQHandler
                0x080040a4                USB_HP_IRQHandler
                0x080040a4                CORDIC_IRQHandler
                0x080040a4                DMA2_Channel8_IRQHandler
                0x080040a4                EXTI3_IRQHandler
                0x080040a4                I2C3_ER_IRQHandler
                0x080040a4                EXTI0_IRQHandler
                0x080040a4                I2C2_EV_IRQHandler
                0x080040a4                FPU_IRQHandler
                0x080040a4                FDCAN1_IT1_IRQHandler
                0x080040a4                ADC1_2_IRQHandler
                0x080040a4                SPI1_IRQHandler
                0x080040a4                TIM6_DAC_IRQHandler
                0x080040a4                DMA2_Channel2_IRQHandler
                0x080040a4                DMA1_Channel4_IRQHandler
                0x080040a4                TIM20_TRG_COM_IRQHandler
                0x080040a4                USART3_IRQHandler
                0x080040a4                DMA1_Channel7_IRQHandler
                0x080040a4                UART5_IRQHandler
                0x080040a4                ADC3_IRQHandler
                0x080040a4                DMA2_Channel1_IRQHandler
                0x080040a4                QUADSPI_IRQHandler
                0x080040a4                I2C1_EV_IRQHandler
                0x080040a4                DMA1_Channel6_IRQHandler
                0x080040a4                UART4_IRQHandler
                0x080040a4                DMA2_Channel4_IRQHandler
                0x080040a4                RCC_IRQHandler
                0x080040a4                TIM20_UP_IRQHandler
                0x080040a4                DMA1_Channel1_IRQHandler
                0x080040a4                Default_Handler
                0x080040a4                DMA2_Channel7_IRQHandler
                0x080040a4                RTC_TAMP_LSECSS_IRQHandler
                0x080040a4                FMAC_IRQHandler
                0x080040a4                EXTI15_10_IRQHandler
                0x080040a4                DMA1_Channel8_IRQHandler
                0x080040a4                TIM7_DAC_IRQHandler
                0x080040a4                FDCAN3_IT1_IRQHandler
                0x080040a4                TIM5_IRQHandler
                0x080040a4                UCPD1_IRQHandler
                0x080040a4                I2C3_EV_IRQHandler
                0x080040a4                EXTI9_5_IRQHandler
                0x080040a4                RTC_WKUP_IRQHandler
                0x080040a4                PVD_PVM_IRQHandler
                0x080040a4                SPI2_IRQHandler
                0x080040a4                ADC5_IRQHandler
                0x080040a4                DMA2_Channel5_IRQHandler
                0x080040a4                CRS_IRQHandler
                0x080040a4                DMA1_Channel5_IRQHandler
                0x080040a4                USB_LP_IRQHandler
                0x080040a4                EXTI4_IRQHandler
                0x080040a4                RNG_IRQHandler
                0x080040a4                TIM1_TRG_COM_TIM17_IRQHandler
                0x080040a4                FDCAN2_IT1_IRQHandler
                0x080040a4                DMA1_Channel3_IRQHandler
                0x080040a4                ADC4_IRQHandler
                0x080040a4                WWDG_IRQHandler
                0x080040a4                I2C4_EV_IRQHandler
                0x080040a4                FDCAN2_IT0_IRQHandler
                0x080040a4                LPUART1_IRQHandler
                0x080040a4                DMA2_Channel6_IRQHandler
                0x080040a4                TIM2_IRQHandler
                0x080040a4                COMP7_IRQHandler
                0x080040a4                COMP1_2_3_IRQHandler
                0x080040a4                EXTI1_IRQHandler
                0x080040a4                USART2_IRQHandler
                0x080040a4                COMP4_5_6_IRQHandler
                0x080040a4                TIM20_BRK_IRQHandler
                0x080040a4                I2C2_ER_IRQHandler
                0x080040a4                DMA1_Channel2_IRQHandler
                0x080040a4                FLASH_IRQHandler
                0x080040a4                TIM20_CC_IRQHandler
                0x080040a4                USART1_IRQHandler
                0x080040a4                SPI3_IRQHandler
                0x080040a4                I2C1_ER_IRQHandler
                0x080040a4                FMC_IRQHandler
                0x080040a4                LPTIM1_IRQHandler
                0x080040a4                DMAMUX_OVR_IRQHandler
                0x080040a4                I2C4_ER_IRQHandler
                0x080040a4                USBWakeUp_IRQHandler
                0x080040a4                SAI1_IRQHandler
                0x080040a4                DMA2_Channel3_IRQHandler
 .text.HAL_Init
                0x080040a6       0x30 ./Drivers/STM32G4xx_HAL_Driver/Src/stm32g4xx_hal.o
                0x080040a6                HAL_Init
 *fill*         0x080040d6        0x2 
 .text.HAL_InitTick
                0x080040d8       0x74 ./Drivers/STM32G4xx_HAL_Driver/Src/stm32g4xx_hal.o
                0x080040d8                HAL_InitTick
 .text.HAL_IncTick
                0x0800414c       0x24 ./Drivers/STM32G4xx_HAL_Driver/Src/stm32g4xx_hal.o
                0x0800414c                HAL_IncTick
 .text.HAL_GetTick
                0x08004170       0x18 ./Drivers/STM32G4xx_HAL_Driver/Src/stm32g4xx_hal.o
                0x08004170                HAL_GetTick
 .text.HAL_Delay
                0x08004188       0x44 ./Drivers/STM32G4xx_HAL_Driver/Src/stm32g4xx_hal.o
                0x08004188                HAL_Delay
 .text.LL_ADC_SetCommonClock
                0x080041cc       0x26 ./Drivers/STM32G4xx_HAL_Driver/Src/stm32g4xx_hal_adc.o
 .text.LL_ADC_SetCommonPathInternalCh
                0x080041f2       0x26 ./Drivers/STM32G4xx_HAL_Driver/Src/stm32g4xx_hal_adc.o
 .text.LL_ADC_GetCommonPathInternalCh
                0x08004218       0x1c ./Drivers/STM32G4xx_HAL_Driver/Src/stm32g4xx_hal_adc.o
 .text.LL_ADC_SetOffset
                0x08004234       0x48 ./Drivers/STM32G4xx_HAL_Driver/Src/stm32g4xx_hal_adc.o
 .text.LL_ADC_GetOffsetChannel
                0x0800427c       0x2c ./Drivers/STM32G4xx_HAL_Driver/Src/stm32g4xx_hal_adc.o
 .text.LL_ADC_SetOffsetState
                0x080042a8       0x36 ./Drivers/STM32G4xx_HAL_Driver/Src/stm32g4xx_hal_adc.o
 .text.LL_ADC_SetOffsetSign
                0x080042de       0x36 ./Drivers/STM32G4xx_HAL_Driver/Src/stm32g4xx_hal_adc.o
 .text.LL_ADC_SetOffsetSaturation
                0x08004314       0x36 ./Drivers/STM32G4xx_HAL_Driver/Src/stm32g4xx_hal_adc.o
 .text.LL_ADC_SetSamplingTimeCommonConfig
                0x0800434a       0x26 ./Drivers/STM32G4xx_HAL_Driver/Src/stm32g4xx_hal_adc.o
 .text.LL_ADC_REG_IsTriggerSourceSWStart
                0x08004370       0x26 ./Drivers/STM32G4xx_HAL_Driver/Src/stm32g4xx_hal_adc.o
 .text.LL_ADC_REG_SetSequencerRanks
                0x08004396       0x58 ./Drivers/STM32G4xx_HAL_Driver/Src/stm32g4xx_hal_adc.o
 .text.LL_ADC_SetChannelSamplingTime
                0x080043ee       0x56 ./Drivers/STM32G4xx_HAL_Driver/Src/stm32g4xx_hal_adc.o
 .text.LL_ADC_SetChannelSingleDiff
                0x08004444       0x48 ./Drivers/STM32G4xx_HAL_Driver/Src/stm32g4xx_hal_adc.o
 .text.LL_ADC_GetMultimode
                0x0800448c       0x1c ./Drivers/STM32G4xx_HAL_Driver/Src/stm32g4xx_hal_adc.o
 .text.LL_ADC_GetMultiDMATransfer
                0x080044a8       0x1c ./Drivers/STM32G4xx_HAL_Driver/Src/stm32g4xx_hal_adc.o
 .text.LL_ADC_DisableDeepPowerDown
                0x080044c4       0x24 ./Drivers/STM32G4xx_HAL_Driver/Src/stm32g4xx_hal_adc.o
 .text.LL_ADC_IsDeepPowerDownEnabled
                0x080044e8       0x28 ./Drivers/STM32G4xx_HAL_Driver/Src/stm32g4xx_hal_adc.o
 .text.LL_ADC_EnableInternalRegulator
                0x08004510       0x28 ./Drivers/STM32G4xx_HAL_Driver/Src/stm32g4xx_hal_adc.o
 .text.LL_ADC_IsInternalRegulatorEnabled
                0x08004538       0x28 ./Drivers/STM32G4xx_HAL_Driver/Src/stm32g4xx_hal_adc.o
 .text.LL_ADC_Enable
                0x08004560       0x28 ./Drivers/STM32G4xx_HAL_Driver/Src/stm32g4xx_hal_adc.o
 .text.LL_ADC_Disable
                0x08004588       0x28 ./Drivers/STM32G4xx_HAL_Driver/Src/stm32g4xx_hal_adc.o
 .text.LL_ADC_IsEnabled
                0x080045b0       0x26 ./Drivers/STM32G4xx_HAL_Driver/Src/stm32g4xx_hal_adc.o
 .text.LL_ADC_IsDisableOngoing
                0x080045d6       0x26 ./Drivers/STM32G4xx_HAL_Driver/Src/stm32g4xx_hal_adc.o
 .text.LL_ADC_REG_StartConversion
                0x080045fc       0x28 ./Drivers/STM32G4xx_HAL_Driver/Src/stm32g4xx_hal_adc.o
 .text.LL_ADC_REG_StopConversion
                0x08004624       0x28 ./Drivers/STM32G4xx_HAL_Driver/Src/stm32g4xx_hal_adc.o
 .text.LL_ADC_REG_IsConversionOngoing
                0x0800464c       0x26 ./Drivers/STM32G4xx_HAL_Driver/Src/stm32g4xx_hal_adc.o
 .text.LL_ADC_INJ_StopConversion
                0x08004672       0x28 ./Drivers/STM32G4xx_HAL_Driver/Src/stm32g4xx_hal_adc.o
 .text.LL_ADC_INJ_IsConversionOngoing
                0x0800469a       0x26 ./Drivers/STM32G4xx_HAL_Driver/Src/stm32g4xx_hal_adc.o
 .text.HAL_ADC_Init
                0x080046c0      0x378 ./Drivers/STM32G4xx_HAL_Driver/Src/stm32g4xx_hal_adc.o
                0x080046c0                HAL_ADC_Init
 .text.HAL_ADC_Start
                0x08004a38      0x1c8 ./Drivers/STM32G4xx_HAL_Driver/Src/stm32g4xx_hal_adc.o
                0x08004a38                HAL_ADC_Start
 .text.HAL_ADC_Stop
                0x08004c00       0x66 ./Drivers/STM32G4xx_HAL_Driver/Src/stm32g4xx_hal_adc.o
                0x08004c00                HAL_ADC_Stop
 *fill*         0x08004c66        0x2 
 .text.HAL_ADC_PollForConversion
                0x08004c68      0x20c ./Drivers/STM32G4xx_HAL_Driver/Src/stm32g4xx_hal_adc.o
                0x08004c68                HAL_ADC_PollForConversion
 .text.HAL_ADC_GetValue
                0x08004e74       0x1a ./Drivers/STM32G4xx_HAL_Driver/Src/stm32g4xx_hal_adc.o
                0x08004e74                HAL_ADC_GetValue
 *fill*         0x08004e8e        0x2 
 .text.HAL_ADC_ConfigChannel
                0x08004e90      0x880 ./Drivers/STM32G4xx_HAL_Driver/Src/stm32g4xx_hal_adc.o
                0x08004e90                HAL_ADC_ConfigChannel
 .text.ADC_ConversionStop
                0x08005710      0x178 ./Drivers/STM32G4xx_HAL_Driver/Src/stm32g4xx_hal_adc.o
                0x08005710                ADC_ConversionStop
 .text.ADC_Enable
                0x08005888      0x12c ./Drivers/STM32G4xx_HAL_Driver/Src/stm32g4xx_hal_adc.o
                0x08005888                ADC_Enable
 .text.ADC_Disable
                0x080059b4       0xbe ./Drivers/STM32G4xx_HAL_Driver/Src/stm32g4xx_hal_adc.o
                0x080059b4                ADC_Disable
 .text.LL_ADC_IsEnabled
                0x08005a72       0x26 ./Drivers/STM32G4xx_HAL_Driver/Src/stm32g4xx_hal_adc_ex.o
 .text.LL_ADC_REG_IsConversionOngoing
                0x08005a98       0x26 ./Drivers/STM32G4xx_HAL_Driver/Src/stm32g4xx_hal_adc_ex.o
 *fill*         0x08005abe        0x2 
 .text.HAL_ADCEx_MultiModeConfigChannel
                0x08005ac0      0x210 ./Drivers/STM32G4xx_HAL_Driver/Src/stm32g4xx_hal_adc_ex.o
                0x08005ac0                HAL_ADCEx_MultiModeConfigChannel
 .text.__NVIC_SetPriorityGrouping
                0x08005cd0       0x48 ./Drivers/STM32G4xx_HAL_Driver/Src/stm32g4xx_hal_cortex.o
 .text.__NVIC_GetPriorityGrouping
                0x08005d18       0x1c ./Drivers/STM32G4xx_HAL_Driver/Src/stm32g4xx_hal_cortex.o
 .text.__NVIC_EnableIRQ
                0x08005d34       0x3c ./Drivers/STM32G4xx_HAL_Driver/Src/stm32g4xx_hal_cortex.o
 .text.__NVIC_SetPriority
                0x08005d70       0x54 ./Drivers/STM32G4xx_HAL_Driver/Src/stm32g4xx_hal_cortex.o
 .text.NVIC_EncodePriority
                0x08005dc4       0x66 ./Drivers/STM32G4xx_HAL_Driver/Src/stm32g4xx_hal_cortex.o
 *fill*         0x08005e2a        0x2 
 .text.SysTick_Config
                0x08005e2c       0x44 ./Drivers/STM32G4xx_HAL_Driver/Src/stm32g4xx_hal_cortex.o
 .text.HAL_NVIC_SetPriorityGrouping
                0x08005e70       0x16 ./Drivers/STM32G4xx_HAL_Driver/Src/stm32g4xx_hal_cortex.o
                0x08005e70                HAL_NVIC_SetPriorityGrouping
 .text.HAL_NVIC_SetPriority
                0x08005e86       0x34 ./Drivers/STM32G4xx_HAL_Driver/Src/stm32g4xx_hal_cortex.o
                0x08005e86                HAL_NVIC_SetPriority
 .text.HAL_NVIC_EnableIRQ
                0x08005eba       0x1c ./Drivers/STM32G4xx_HAL_Driver/Src/stm32g4xx_hal_cortex.o
                0x08005eba                HAL_NVIC_EnableIRQ
 .text.HAL_SYSTICK_Config
                0x08005ed6       0x18 ./Drivers/STM32G4xx_HAL_Driver/Src/stm32g4xx_hal_cortex.o
                0x08005ed6                HAL_SYSTICK_Config
 *fill*         0x08005eee        0x2 
 .text.HAL_FDCAN_Init
                0x08005ef0      0x2b4 ./Drivers/STM32G4xx_HAL_Driver/Src/stm32g4xx_hal_fdcan.o
                0x08005ef0                HAL_FDCAN_Init
 .text.HAL_FDCAN_ConfigFilter
                0x080061a4       0xb4 ./Drivers/STM32G4xx_HAL_Driver/Src/stm32g4xx_hal_fdcan.o
                0x080061a4                HAL_FDCAN_ConfigFilter
 .text.HAL_FDCAN_ConfigGlobalFilter
                0x08006258       0x62 ./Drivers/STM32G4xx_HAL_Driver/Src/stm32g4xx_hal_fdcan.o
                0x08006258                HAL_FDCAN_ConfigGlobalFilter
 .text.HAL_FDCAN_Start
                0x080062ba       0x50 ./Drivers/STM32G4xx_HAL_Driver/Src/stm32g4xx_hal_fdcan.o
                0x080062ba                HAL_FDCAN_Start
 .text.HAL_FDCAN_Stop
                0x0800630a       0xe4 ./Drivers/STM32G4xx_HAL_Driver/Src/stm32g4xx_hal_fdcan.o
                0x0800630a                HAL_FDCAN_Stop
 .text.HAL_FDCAN_AddMessageToTxFifoQ
                0x080063ee       0x88 ./Drivers/STM32G4xx_HAL_Driver/Src/stm32g4xx_hal_fdcan.o
                0x080063ee                HAL_FDCAN_AddMessageToTxFifoQ
 *fill*         0x08006476        0x2 
 .text.HAL_FDCAN_GetRxMessage
                0x08006478      0x210 ./Drivers/STM32G4xx_HAL_Driver/Src/stm32g4xx_hal_fdcan.o
                0x08006478                HAL_FDCAN_GetRxMessage
 .text.HAL_FDCAN_ActivateNotification
                0x08006688      0x1cc ./Drivers/STM32G4xx_HAL_Driver/Src/stm32g4xx_hal_fdcan.o
                0x08006688                HAL_FDCAN_ActivateNotification
 .text.HAL_FDCAN_IRQHandler
                0x08006854      0x24a ./Drivers/STM32G4xx_HAL_Driver/Src/stm32g4xx_hal_fdcan.o
                0x08006854                HAL_FDCAN_IRQHandler
 .text.HAL_FDCAN_TxEventFifoCallback
                0x08006a9e       0x16 ./Drivers/STM32G4xx_HAL_Driver/Src/stm32g4xx_hal_fdcan.o
                0x08006a9e                HAL_FDCAN_TxEventFifoCallback
 .text.HAL_FDCAN_RxFifo1Callback
                0x08006ab4       0x16 ./Drivers/STM32G4xx_HAL_Driver/Src/stm32g4xx_hal_fdcan.o
                0x08006ab4                HAL_FDCAN_RxFifo1Callback
 .text.HAL_FDCAN_TxFifoEmptyCallback
                0x08006aca       0x14 ./Drivers/STM32G4xx_HAL_Driver/Src/stm32g4xx_hal_fdcan.o
                0x08006aca                HAL_FDCAN_TxFifoEmptyCallback
 .text.HAL_FDCAN_TxBufferCompleteCallback
                0x08006ade       0x16 ./Drivers/STM32G4xx_HAL_Driver/Src/stm32g4xx_hal_fdcan.o
                0x08006ade                HAL_FDCAN_TxBufferCompleteCallback
 .text.HAL_FDCAN_TxBufferAbortCallback
                0x08006af4       0x16 ./Drivers/STM32G4xx_HAL_Driver/Src/stm32g4xx_hal_fdcan.o
                0x08006af4                HAL_FDCAN_TxBufferAbortCallback
 .text.HAL_FDCAN_TimestampWraparoundCallback
                0x08006b0a       0x14 ./Drivers/STM32G4xx_HAL_Driver/Src/stm32g4xx_hal_fdcan.o
                0x08006b0a                HAL_FDCAN_TimestampWraparoundCallback
 .text.HAL_FDCAN_TimeoutOccurredCallback
                0x08006b1e       0x14 ./Drivers/STM32G4xx_HAL_Driver/Src/stm32g4xx_hal_fdcan.o
                0x08006b1e                HAL_FDCAN_TimeoutOccurredCallback
 .text.HAL_FDCAN_HighPriorityMessageCallback
                0x08006b32       0x14 ./Drivers/STM32G4xx_HAL_Driver/Src/stm32g4xx_hal_fdcan.o
                0x08006b32                HAL_FDCAN_HighPriorityMessageCallback
 .text.HAL_FDCAN_ErrorCallback
                0x08006b46       0x14 ./Drivers/STM32G4xx_HAL_Driver/Src/stm32g4xx_hal_fdcan.o
                0x08006b46                HAL_FDCAN_ErrorCallback
 *fill*         0x08006b5a        0x2 
 .text.FDCAN_CalcultateRamBlockAddresses
                0x08006b5c       0xd8 ./Drivers/STM32G4xx_HAL_Driver/Src/stm32g4xx_hal_fdcan.o
 .text.FDCAN_CopyMessageToRAM
                0x08006c34       0xf8 ./Drivers/STM32G4xx_HAL_Driver/Src/stm32g4xx_hal_fdcan.o
 .text.HAL_GPIO_Init
                0x08006d2c      0x318 ./Drivers/STM32G4xx_HAL_Driver/Src/stm32g4xx_hal_gpio.o
                0x08006d2c                HAL_GPIO_Init
 .text.HAL_GPIO_ReadPin
                0x08007044       0x30 ./Drivers/STM32G4xx_HAL_Driver/Src/stm32g4xx_hal_gpio.o
                0x08007044                HAL_GPIO_ReadPin
 .text.HAL_GPIO_WritePin
                0x08007074       0x30 ./Drivers/STM32G4xx_HAL_Driver/Src/stm32g4xx_hal_gpio.o
                0x08007074                HAL_GPIO_WritePin
 .text.HAL_GPIO_TogglePin
                0x080070a4       0x34 ./Drivers/STM32G4xx_HAL_Driver/Src/stm32g4xx_hal_gpio.o
                0x080070a4                HAL_GPIO_TogglePin
 .text.HAL_PWREx_ControlVoltageScaling
                0x080070d8      0x148 ./Drivers/STM32G4xx_HAL_Driver/Src/stm32g4xx_hal_pwr_ex.o
                0x080070d8                HAL_PWREx_ControlVoltageScaling
 .text.HAL_PWREx_DisableUCPDDeadBattery
                0x08007220       0x20 ./Drivers/STM32G4xx_HAL_Driver/Src/stm32g4xx_hal_pwr_ex.o
                0x08007220                HAL_PWREx_DisableUCPDDeadBattery
 .text.HAL_RCC_OscConfig
                0x08007240      0x624 ./Drivers/STM32G4xx_HAL_Driver/Src/stm32g4xx_hal_rcc.o
                0x08007240                HAL_RCC_OscConfig
 .text.HAL_RCC_ClockConfig
                0x08007864      0x278 ./Drivers/STM32G4xx_HAL_Driver/Src/stm32g4xx_hal_rcc.o
                0x08007864                HAL_RCC_ClockConfig
 .text.HAL_RCC_GetSysClockFreq
                0x08007adc       0xc0 ./Drivers/STM32G4xx_HAL_Driver/Src/stm32g4xx_hal_rcc.o
                0x08007adc                HAL_RCC_GetSysClockFreq
 .text.HAL_RCC_GetHCLKFreq
                0x08007b9c       0x18 ./Drivers/STM32G4xx_HAL_Driver/Src/stm32g4xx_hal_rcc.o
                0x08007b9c                HAL_RCC_GetHCLKFreq
 .text.HAL_RCC_GetPCLK1Freq
                0x08007bb4       0x2c ./Drivers/STM32G4xx_HAL_Driver/Src/stm32g4xx_hal_rcc.o
                0x08007bb4                HAL_RCC_GetPCLK1Freq
 .text.HAL_RCC_GetPCLK2Freq
                0x08007be0       0x2c ./Drivers/STM32G4xx_HAL_Driver/Src/stm32g4xx_hal_rcc.o
                0x08007be0                HAL_RCC_GetPCLK2Freq
 .text.RCC_GetSysClockFreqFromPLLSource
                0x08007c0c       0x88 ./Drivers/STM32G4xx_HAL_Driver/Src/stm32g4xx_hal_rcc.o
 .text.HAL_RCCEx_PeriphCLKConfig
                0x08007c94      0x49c ./Drivers/STM32G4xx_HAL_Driver/Src/stm32g4xx_hal_rcc_ex.o
                0x08007c94                HAL_RCCEx_PeriphCLKConfig
 .text.HAL_TIM_Base_Init
                0x08008130       0xae ./Drivers/STM32G4xx_HAL_Driver/Src/stm32g4xx_hal_tim.o
                0x08008130                HAL_TIM_Base_Init
 .text.HAL_TIM_PWM_Init
                0x080081de       0xae ./Drivers/STM32G4xx_HAL_Driver/Src/stm32g4xx_hal_tim.o
                0x080081de                HAL_TIM_PWM_Init
 .text.HAL_TIM_PWM_MspInit
                0x0800828c       0x14 ./Drivers/STM32G4xx_HAL_Driver/Src/stm32g4xx_hal_tim.o
                0x0800828c                HAL_TIM_PWM_MspInit
 .text.HAL_TIM_PWM_Start
                0x080082a0      0x224 ./Drivers/STM32G4xx_HAL_Driver/Src/stm32g4xx_hal_tim.o
                0x080082a0                HAL_TIM_PWM_Start
 .text.HAL_TIM_IRQHandler
                0x080084c4      0x29e ./Drivers/STM32G4xx_HAL_Driver/Src/stm32g4xx_hal_tim.o
                0x080084c4                HAL_TIM_IRQHandler
 *fill*         0x08008762        0x2 
 .text.HAL_TIM_PWM_ConfigChannel
                0x08008764      0x228 ./Drivers/STM32G4xx_HAL_Driver/Src/stm32g4xx_hal_tim.o
                0x08008764                HAL_TIM_PWM_ConfigChannel
 .text.HAL_TIM_ConfigClockSource
                0x0800898c      0x218 ./Drivers/STM32G4xx_HAL_Driver/Src/stm32g4xx_hal_tim.o
                0x0800898c                HAL_TIM_ConfigClockSource
 .text.HAL_TIM_OC_DelayElapsedCallback
                0x08008ba4       0x14 ./Drivers/STM32G4xx_HAL_Driver/Src/stm32g4xx_hal_tim.o
                0x08008ba4                HAL_TIM_OC_DelayElapsedCallback
 .text.HAL_TIM_PWM_PulseFinishedCallback
                0x08008bb8       0x14 ./Drivers/STM32G4xx_HAL_Driver/Src/stm32g4xx_hal_tim.o
                0x08008bb8                HAL_TIM_PWM_PulseFinishedCallback
 .text.HAL_TIM_TriggerCallback
                0x08008bcc       0x14 ./Drivers/STM32G4xx_HAL_Driver/Src/stm32g4xx_hal_tim.o
                0x08008bcc                HAL_TIM_TriggerCallback
 .text.TIM_Base_SetConfig
                0x08008be0      0x15c ./Drivers/STM32G4xx_HAL_Driver/Src/stm32g4xx_hal_tim.o
                0x08008be0                TIM_Base_SetConfig
 .text.TIM_OC1_SetConfig
                0x08008d3c      0x138 ./Drivers/STM32G4xx_HAL_Driver/Src/stm32g4xx_hal_tim.o
 .text.TIM_OC2_SetConfig
                0x08008e74      0x12c ./Drivers/STM32G4xx_HAL_Driver/Src/stm32g4xx_hal_tim.o
                0x08008e74                TIM_OC2_SetConfig
 .text.TIM_OC3_SetConfig
                0x08008fa0      0x128 ./Drivers/STM32G4xx_HAL_Driver/Src/stm32g4xx_hal_tim.o
 .text.TIM_OC4_SetConfig
                0x080090c8      0x12c ./Drivers/STM32G4xx_HAL_Driver/Src/stm32g4xx_hal_tim.o
 .text.TIM_OC5_SetConfig
                0x080091f4       0xd4 ./Drivers/STM32G4xx_HAL_Driver/Src/stm32g4xx_hal_tim.o
 .text.TIM_OC6_SetConfig
                0x080092c8       0xd8 ./Drivers/STM32G4xx_HAL_Driver/Src/stm32g4xx_hal_tim.o
 .text.TIM_TI1_SetConfig
                0x080093a0      0x12c ./Drivers/STM32G4xx_HAL_Driver/Src/stm32g4xx_hal_tim.o
                0x080093a0                TIM_TI1_SetConfig
 .text.TIM_TI1_ConfigInputStage
                0x080094cc       0xb4 ./Drivers/STM32G4xx_HAL_Driver/Src/stm32g4xx_hal_tim.o
 .text.TIM_TI2_ConfigInputStage
                0x08009580       0x90 ./Drivers/STM32G4xx_HAL_Driver/Src/stm32g4xx_hal_tim.o
 .text.TIM_ITRx_SetConfig
                0x08009610       0x3a ./Drivers/STM32G4xx_HAL_Driver/Src/stm32g4xx_hal_tim.o
 .text.TIM_ETR_SetConfig
                0x0800964a       0x40 ./Drivers/STM32G4xx_HAL_Driver/Src/stm32g4xx_hal_tim.o
                0x0800964a                TIM_ETR_SetConfig
 .text.TIM_CCxChannelCmd
                0x0800968a       0x4a ./Drivers/STM32G4xx_HAL_Driver/Src/stm32g4xx_hal_tim.o
                0x0800968a                TIM_CCxChannelCmd
 .text.HAL_TIMEx_HallSensor_Init
                0x080096d4      0x15e ./Drivers/STM32G4xx_HAL_Driver/Src/stm32g4xx_hal_tim_ex.o
                0x080096d4                HAL_TIMEx_HallSensor_Init
 .text.HAL_TIMEx_HallSensor_MspInit
                0x08009832       0x14 ./Drivers/STM32G4xx_HAL_Driver/Src/stm32g4xx_hal_tim_ex.o
                0x08009832                HAL_TIMEx_HallSensor_MspInit
 *fill*         0x08009846        0x2 
 .text.HAL_TIMEx_HallSensor_Start_IT
                0x08009848      0x13c ./Drivers/STM32G4xx_HAL_Driver/Src/stm32g4xx_hal_tim_ex.o
                0x08009848                HAL_TIMEx_HallSensor_Start_IT
 .text.HAL_TIMEx_PWMN_Start
                0x08009984      0x184 ./Drivers/STM32G4xx_HAL_Driver/Src/stm32g4xx_hal_tim_ex.o
                0x08009984                HAL_TIMEx_PWMN_Start
 .text.HAL_TIMEx_MasterConfigSynchronization
                0x08009b08      0x12c ./Drivers/STM32G4xx_HAL_Driver/Src/stm32g4xx_hal_tim_ex.o
                0x08009b08                HAL_TIMEx_MasterConfigSynchronization
 .text.HAL_TIMEx_ConfigBreakDeadTime
                0x08009c34      0x128 ./Drivers/STM32G4xx_HAL_Driver/Src/stm32g4xx_hal_tim_ex.o
                0x08009c34                HAL_TIMEx_ConfigBreakDeadTime
 .text.HAL_TIMEx_ConfigBreakInput
                0x08009d5c      0x244 ./Drivers/STM32G4xx_HAL_Driver/Src/stm32g4xx_hal_tim_ex.o
                0x08009d5c                HAL_TIMEx_ConfigBreakInput
 .text.HAL_TIMEx_EnableDeadTimePreload
                0x08009fa0       0x26 ./Drivers/STM32G4xx_HAL_Driver/Src/stm32g4xx_hal_tim_ex.o
                0x08009fa0                HAL_TIMEx_EnableDeadTimePreload
 .text.HAL_TIMEx_CommutCallback
                0x08009fc6       0x14 ./Drivers/STM32G4xx_HAL_Driver/Src/stm32g4xx_hal_tim_ex.o
                0x08009fc6                HAL_TIMEx_CommutCallback
 .text.HAL_TIMEx_BreakCallback
                0x08009fda       0x14 ./Drivers/STM32G4xx_HAL_Driver/Src/stm32g4xx_hal_tim_ex.o
                0x08009fda                HAL_TIMEx_BreakCallback
 .text.HAL_TIMEx_Break2Callback
                0x08009fee       0x14 ./Drivers/STM32G4xx_HAL_Driver/Src/stm32g4xx_hal_tim_ex.o
                0x08009fee                HAL_TIMEx_Break2Callback
 .text.HAL_TIMEx_EncoderIndexCallback
                0x0800a002       0x14 ./Drivers/STM32G4xx_HAL_Driver/Src/stm32g4xx_hal_tim_ex.o
                0x0800a002                HAL_TIMEx_EncoderIndexCallback
 .text.HAL_TIMEx_DirectionChangeCallback
                0x0800a016       0x14 ./Drivers/STM32G4xx_HAL_Driver/Src/stm32g4xx_hal_tim_ex.o
                0x0800a016                HAL_TIMEx_DirectionChangeCallback
 .text.HAL_TIMEx_IndexErrorCallback
                0x0800a02a       0x14 ./Drivers/STM32G4xx_HAL_Driver/Src/stm32g4xx_hal_tim_ex.o
                0x0800a02a                HAL_TIMEx_IndexErrorCallback
 .text.HAL_TIMEx_TransitionErrorCallback
                0x0800a03e       0x14 ./Drivers/STM32G4xx_HAL_Driver/Src/stm32g4xx_hal_tim_ex.o
                0x0800a03e                HAL_TIMEx_TransitionErrorCallback
 .text.TIM_CCxNChannelCmd
                0x0800a052       0x4a ./Drivers/STM32G4xx_HAL_Driver/Src/stm32g4xx_hal_tim_ex.o
 .text.HAL_UART_Init
                0x0800a09c       0xa0 ./Drivers/STM32G4xx_HAL_Driver/Src/stm32g4xx_hal_uart.o
                0x0800a09c                HAL_UART_Init
 .text.UART_SetConfig
                0x0800a13c      0x5f8 ./Drivers/STM32G4xx_HAL_Driver/Src/stm32g4xx_hal_uart.o
                0x0800a13c                UART_SetConfig
 .text.UART_AdvFeatureConfig
                0x0800a734      0x144 ./Drivers/STM32G4xx_HAL_Driver/Src/stm32g4xx_hal_uart.o
                0x0800a734                UART_AdvFeatureConfig
 .text.UART_CheckIdleState
                0x0800a878      0x154 ./Drivers/STM32G4xx_HAL_Driver/Src/stm32g4xx_hal_uart.o
                0x0800a878                UART_CheckIdleState
 .text.UART_WaitOnFlagUntilTimeout
                0x0800a9cc       0xda ./Drivers/STM32G4xx_HAL_Driver/Src/stm32g4xx_hal_uart.o
                0x0800a9cc                UART_WaitOnFlagUntilTimeout
 .text.UART_EndRxTransfer
                0x0800aaa6       0xcc ./Drivers/STM32G4xx_HAL_Driver/Src/stm32g4xx_hal_uart.o
 .text.HAL_UARTEx_DisableFifoMode
                0x0800ab72       0x72 ./Drivers/STM32G4xx_HAL_Driver/Src/stm32g4xx_hal_uart_ex.o
                0x0800ab72                HAL_UARTEx_DisableFifoMode
 .text.HAL_UARTEx_SetTxFifoThreshold
                0x0800abe4       0x7c ./Drivers/STM32G4xx_HAL_Driver/Src/stm32g4xx_hal_uart_ex.o
                0x0800abe4                HAL_UARTEx_SetTxFifoThreshold
 .text.HAL_UARTEx_SetRxFifoThreshold
                0x0800ac60       0x7c ./Drivers/STM32G4xx_HAL_Driver/Src/stm32g4xx_hal_uart_ex.o
                0x0800ac60                HAL_UARTEx_SetRxFifoThreshold
 .text.UARTEx_SetNbDataToProcess
                0x0800acdc       0x9c ./Drivers/STM32G4xx_HAL_Driver/Src/stm32g4xx_hal_uart_ex.o
 .text.memset   0x0800ad78       0x10 C:/ST/STM32CubeIDE_1.16.1/STM32CubeIDE/plugins/com.st.stm32cube.ide.mcu.externaltools.gnu-tools-for-stm32.12.3.rel1.win32_1.0.200.202406191623/tools/bin/../lib/gcc/arm-none-eabi/12.3.1/../../../../arm-none-eabi/lib/thumb/v7e-m+fp/hard\libc_nano.a(libc_a-memset.o)
                0x0800ad78                memset
 .text.__libc_init_array
                0x0800ad88       0x48 C:/ST/STM32CubeIDE_1.16.1/STM32CubeIDE/plugins/com.st.stm32cube.ide.mcu.externaltools.gnu-tools-for-stm32.12.3.rel1.win32_1.0.200.202406191623/tools/bin/../lib/gcc/arm-none-eabi/12.3.1/../../../../arm-none-eabi/lib/thumb/v7e-m+fp/hard\libc_nano.a(libc_a-init.o)
                0x0800ad88                __libc_init_array
 *(.glue_7)
 .glue_7        0x0800add0        0x0 linker stubs
 *(.glue_7t)
 .glue_7t       0x0800add0        0x0 linker stubs
 *(.eh_frame)
 .eh_frame      0x0800add0        0x0 C:/ST/STM32CubeIDE_1.16.1/STM32CubeIDE/plugins/com.st.stm32cube.ide.mcu.externaltools.gnu-tools-for-stm32.12.3.rel1.win32_1.0.200.202406191623/tools/bin/../lib/gcc/arm-none-eabi/12.3.1/thumb/v7e-m+fp/hard/crtbegin.o
 *(.init)
 .init          0x0800add0        0x4 C:/ST/STM32CubeIDE_1.16.1/STM32CubeIDE/plugins/com.st.stm32cube.ide.mcu.externaltools.gnu-tools-for-stm32.12.3.rel1.win32_1.0.200.202406191623/tools/bin/../lib/gcc/arm-none-eabi/12.3.1/thumb/v7e-m+fp/hard/crti.o
                0x0800add0                _init
 .init          0x0800add4        0x8 C:/ST/STM32CubeIDE_1.16.1/STM32CubeIDE/plugins/com.st.stm32cube.ide.mcu.externaltools.gnu-tools-for-stm32.12.3.rel1.win32_1.0.200.202406191623/tools/bin/../lib/gcc/arm-none-eabi/12.3.1/thumb/v7e-m+fp/hard/crtn.o
 *(.fini)
 .fini          0x0800addc        0x4 C:/ST/STM32CubeIDE_1.16.1/STM32CubeIDE/plugins/com.st.stm32cube.ide.mcu.externaltools.gnu-tools-for-stm32.12.3.rel1.win32_1.0.200.202406191623/tools/bin/../lib/gcc/arm-none-eabi/12.3.1/thumb/v7e-m+fp/hard/crti.o
                0x0800addc                _fini
 .fini          0x0800ade0        0x8 C:/ST/STM32CubeIDE_1.16.1/STM32CubeIDE/plugins/com.st.stm32cube.ide.mcu.externaltools.gnu-tools-for-stm32.12.3.rel1.win32_1.0.200.202406191623/tools/bin/../lib/gcc/arm-none-eabi/12.3.1/thumb/v7e-m+fp/hard/crtn.o
                0x0800ade8                        . = ALIGN (0x4)
                0x0800ade8                        _etext = .

.vfp11_veneer   0x0800ade8        0x0
 .vfp11_veneer  0x0800ade8        0x0 linker stubs

.v4_bx          0x0800ade8        0x0
 .v4_bx         0x0800ade8        0x0 linker stubs

.iplt           0x0800ade8        0x0
 .iplt          0x0800ade8        0x0 C:/ST/STM32CubeIDE_1.16.1/STM32CubeIDE/plugins/com.st.stm32cube.ide.mcu.externaltools.gnu-tools-for-stm32.12.3.rel1.win32_1.0.200.202406191623/tools/bin/../lib/gcc/arm-none-eabi/12.3.1/thumb/v7e-m+fp/hard/crtbegin.o

.rodata         0x0800ade8       0x60
                0x0800ade8                        . = ALIGN (0x4)
 *(.rodata)
 *(.rodata*)
 .rodata.s_nNextCW.1
                0x0800ade8        0x7 ./Core/Src/bldc_motor.o
 *fill*         0x0800adef        0x1 
 .rodata.s_nNextCCW.0
                0x0800adf0        0x7 ./Core/Src/bldc_motor.o
 *fill*         0x0800adf7        0x1 
 .rodata.AHBPrescTable
                0x0800adf8       0x10 ./Core/Src/system_stm32g4xx.o
                0x0800adf8                AHBPrescTable
 .rodata.APBPrescTable
                0x0800ae08        0x8 ./Core/Src/system_stm32g4xx.o
                0x0800ae08                APBPrescTable
 .rodata.DLCtoBytes
                0x0800ae10       0x10 ./Drivers/STM32G4xx_HAL_Driver/Src/stm32g4xx_hal_fdcan.o
 .rodata.UARTPrescTable
                0x0800ae20       0x18 ./Drivers/STM32G4xx_HAL_Driver/Src/stm32g4xx_hal_uart.o
                0x0800ae20                UARTPrescTable
 .rodata.numerator.1
                0x0800ae38        0x8 ./Drivers/STM32G4xx_HAL_Driver/Src/stm32g4xx_hal_uart_ex.o
 .rodata.denominator.0
                0x0800ae40        0x8 ./Drivers/STM32G4xx_HAL_Driver/Src/stm32g4xx_hal_uart_ex.o
                0x0800ae48                        . = ALIGN (0x4)

.ARM.extab      0x0800ae48        0x0
                0x0800ae48                        . = ALIGN (0x4)
 *(.ARM.extab* .gnu.linkonce.armextab.*)
                0x0800ae48                        . = ALIGN (0x4)

.ARM            0x0800ae48        0x8
                0x0800ae48                        . = ALIGN (0x4)
                0x0800ae48                        __exidx_start = .
 *(.ARM.exidx*)
 .ARM.exidx     0x0800ae48        0x8 C:/ST/STM32CubeIDE_1.16.1/STM32CubeIDE/plugins/com.st.stm32cube.ide.mcu.externaltools.gnu-tools-for-stm32.12.3.rel1.win32_1.0.200.202406191623/tools/bin/../lib/gcc/arm-none-eabi/12.3.1/thumb/v7e-m+fp/hard\libgcc.a(_udivmoddi4.o)
                0x0800ae50                        __exidx_end = .
                0x0800ae50                        . = ALIGN (0x4)

.preinit_array  0x0800ae50        0x0
                0x0800ae50                        . = ALIGN (0x4)
                0x0800ae50                        PROVIDE (__preinit_array_start = .)
 *(.preinit_array*)
                0x0800ae50                        PROVIDE (__preinit_array_end = .)
                0x0800ae50                        . = ALIGN (0x4)

.init_array     0x0800ae50        0x4
                0x0800ae50                        . = ALIGN (0x4)
                0x0800ae50                        PROVIDE (__init_array_start = .)
 *(SORT_BY_NAME(.init_array.*))
 *(.init_array*)
 .init_array    0x0800ae50        0x4 C:/ST/STM32CubeIDE_1.16.1/STM32CubeIDE/plugins/com.st.stm32cube.ide.mcu.externaltools.gnu-tools-for-stm32.12.3.rel1.win32_1.0.200.202406191623/tools/bin/../lib/gcc/arm-none-eabi/12.3.1/thumb/v7e-m+fp/hard/crtbegin.o
                0x0800ae54                        PROVIDE (__init_array_end = .)
                0x0800ae54                        . = ALIGN (0x4)

.fini_array     0x0800ae54        0x4
                0x0800ae54                        . = ALIGN (0x4)
                [!provide]                        PROVIDE (__fini_array_start = .)
 *(SORT_BY_NAME(.fini_array.*))
 *(.fini_array*)
 .fini_array    0x0800ae54        0x4 C:/ST/STM32CubeIDE_1.16.1/STM32CubeIDE/plugins/com.st.stm32cube.ide.mcu.externaltools.gnu-tools-for-stm32.12.3.rel1.win32_1.0.200.202406191623/tools/bin/../lib/gcc/arm-none-eabi/12.3.1/thumb/v7e-m+fp/hard/crtbegin.o
                [!provide]                        PROVIDE (__fini_array_end = .)
                0x0800ae58                        . = ALIGN (0x4)
                0x0800ae58                        _sidata = LOADADDR (.data)

.rel.dyn        0x0800ae58        0x0
 .rel.iplt      0x0800ae58        0x0 C:/ST/STM32CubeIDE_1.16.1/STM32CubeIDE/plugins/com.st.stm32cube.ide.mcu.externaltools.gnu-tools-for-stm32.12.3.rel1.win32_1.0.200.202406191623/tools/bin/../lib/gcc/arm-none-eabi/12.3.1/thumb/v7e-m+fp/hard/crtbegin.o

.data           0x20000000       0x10 load address 0x0800ae58
                0x20000000                        . = ALIGN (0x4)
                0x20000000                        _sdata = .
 *(.data)
 *(.data*)
 .data.g_nOperMode
                0x20000000        0x1 ./Core/Src/bldc_mgr.o
                0x20000000                g_nOperMode
 *fill*         0x20000001        0x3 
 .data.SystemCoreClock
                0x20000004        0x4 ./Core/Src/system_stm32g4xx.o
                0x20000004                SystemCoreClock
 .data.uwTickPrio
                0x20000008        0x4 ./Drivers/STM32G4xx_HAL_Driver/Src/stm32g4xx_hal.o
                0x20000008                uwTickPrio
 .data.uwTickFreq
                0x2000000c        0x4 ./Drivers/STM32G4xx_HAL_Driver/Src/stm32g4xx_hal.o
                0x2000000c                uwTickFreq
 *(.RamFunc)
 *(.RamFunc*)
                0x20000010                        . = ALIGN (0x4)
                0x20000010                        _edata = .

.igot.plt       0x20000010        0x0 load address 0x0800ae68
 .igot.plt      0x20000010        0x0 C:/ST/STM32CubeIDE_1.16.1/STM32CubeIDE/plugins/com.st.stm32cube.ide.mcu.externaltools.gnu-tools-for-stm32.12.3.rel1.win32_1.0.200.202406191623/tools/bin/../lib/gcc/arm-none-eabi/12.3.1/thumb/v7e-m+fp/hard/crtbegin.o
                0x20000010                        . = ALIGN (0x4)

.bss            0x20000010      0x5a8 load address 0x0800ae68
                0x20000010                        _sbss = .
                0x20000010                        __bss_start__ = _sbss
 *(.bss)
 .bss           0x20000010       0x1c C:/ST/STM32CubeIDE_1.16.1/STM32CubeIDE/plugins/com.st.stm32cube.ide.mcu.externaltools.gnu-tools-for-stm32.12.3.rel1.win32_1.0.200.202406191623/tools/bin/../lib/gcc/arm-none-eabi/12.3.1/thumb/v7e-m+fp/hard/crtbegin.o
 *(.bss*)
 .bss.g_fJoyX   0x2000002c        0x4 ./Core/Src/bldc_adc.o
                0x2000002c                g_fJoyX
 .bss.g_fJoyY   0x20000030        0x4 ./Core/Src/bldc_adc.o
                0x20000030                g_fJoyY
 .bss.s_phFdcan
                0x20000034        0x4 ./Core/Src/bldc_can.o
 .bss.s_nLastRxTick
                0x20000038        0x4 ./Core/Src/bldc_can.o
 .bss.s_nBusOffFlag
                0x2000003c        0x1 ./Core/Src/bldc_can.o
 *fill*         0x2000003d        0x3 
 .bss.g_dbgHallEdgeCnt
                0x20000040        0x4 ./Core/Src/bldc_hall.o
                0x20000040                g_dbgHallEdgeCnt
 .bss.s_nCanBlinkCnt
                0x20000044        0x1 ./Core/Src/bldc_led.o
 *fill*         0x20000045        0x1 
 .bss.s_nCnt.0  0x20000046        0x2 ./Core/Src/bldc_led.o
 .bss.s_nPrevTick.2
                0x20000048        0x4 ./Core/Src/bldc_mgr.o
 .bss.s_n1msCnt.1
                0x2000004c        0x1 ./Core/Src/bldc_mgr.o
 .bss.s_n10msCnt.0
                0x2000004d        0x1 ./Core/Src/bldc_mgr.o
 *fill*         0x2000004e        0x2 
 .bss.g_sMotor  0x20000050      0x118 ./Core/Src/bldc_motor.o
                0x20000050                g_sMotor
 .bss.hadc1     0x20000168       0x6c ./Core/Src/main.o
                0x20000168                hadc1
 .bss.hadc2     0x200001d4       0x6c ./Core/Src/main.o
                0x200001d4                hadc2
 .bss.hadc3     0x20000240       0x6c ./Core/Src/main.o
                0x20000240                hadc3
 .bss.hadc4     0x200002ac       0x6c ./Core/Src/main.o
                0x200002ac                hadc4
 .bss.hadc5     0x20000318       0x6c ./Core/Src/main.o
                0x20000318                hadc5
 .bss.hfdcan1   0x20000384       0x64 ./Core/Src/main.o
                0x20000384                hfdcan1
 .bss.hlpuart1  0x200003e8       0x94 ./Core/Src/main.o
                0x200003e8                hlpuart1
 .bss.htim1     0x2000047c       0x4c ./Core/Src/main.o
                0x2000047c                htim1
 .bss.htim3     0x200004c8       0x4c ./Core/Src/main.o
                0x200004c8                htim3
 .bss.htim4     0x20000514       0x4c ./Core/Src/main.o
                0x20000514                htim4
 .bss.htim8     0x20000560       0x4c ./Core/Src/main.o
                0x20000560                htim8
 .bss.HAL_RCC_ADC12_CLK_ENABLED
                0x200005ac        0x4 ./Core/Src/stm32g4xx_hal_msp.o
 .bss.HAL_RCC_ADC345_CLK_ENABLED
                0x200005b0        0x4 ./Core/Src/stm32g4xx_hal_msp.o
 .bss.uwTick    0x200005b4        0x4 ./Drivers/STM32G4xx_HAL_Driver/Src/stm32g4xx_hal.o
                0x200005b4                uwTick
 *(COMMON)
                0x200005b8                        . = ALIGN (0x4)
                0x200005b8                        _ebss = .
                0x200005b8                        __bss_end__ = _ebss

._user_heap_stack
                0x200005b8      0x600 load address 0x0800ae68
                0x200005b8                        . = ALIGN (0x8)
                [!provide]                        PROVIDE (end = .)
                0x200005b8                        PROVIDE (_end = .)
                0x200007b8                        . = (. + _Min_Heap_Size)
 *fill*         0x200005b8      0x200 
                0x20000bb8                        . = (. + _Min_Stack_Size)
 *fill*         0x200007b8      0x400 
                0x20000bb8                        . = ALIGN (0x8)

/DISCARD/
 libc.a(*)
 libm.a(*)
 libgcc.a(*)

.ARM.attributes
                0x00000000       0x30
 *(.ARM.attributes)
 .ARM.attributes
                0x00000000       0x22 C:/ST/STM32CubeIDE_1.16.1/STM32CubeIDE/plugins/com.st.stm32cube.ide.mcu.externaltools.gnu-tools-for-stm32.12.3.rel1.win32_1.0.200.202406191623/tools/bin/../lib/gcc/arm-none-eabi/12.3.1/thumb/v7e-m+fp/hard/crti.o
 .ARM.attributes
                0x00000022       0x34 C:/ST/STM32CubeIDE_1.16.1/STM32CubeIDE/plugins/com.st.stm32cube.ide.mcu.externaltools.gnu-tools-for-stm32.12.3.rel1.win32_1.0.200.202406191623/tools/bin/../lib/gcc/arm-none-eabi/12.3.1/thumb/v7e-m+fp/hard/crtbegin.o
 .ARM.attributes
                0x00000056       0x34 ./Core/Src/bldc_adc.o
 .ARM.attributes
                0x0000008a       0x34 ./Core/Src/bldc_can.o
 .ARM.attributes
                0x000000be       0x34 ./Core/Src/bldc_hall.o
 .ARM.attributes
                0x000000f2       0x34 ./Core/Src/bldc_led.o
 .ARM.attributes
                0x00000126       0x34 ./Core/Src/bldc_mgr.o
 .ARM.attributes
                0x0000015a       0x34 ./Core/Src/bldc_motor.o
 .ARM.attributes
                0x0000018e       0x34 ./Core/Src/main.o
 .ARM.attributes
                0x000001c2       0x34 ./Core/Src/stm32g4xx_hal_msp.o
 .ARM.attributes
                0x000001f6       0x34 ./Core/Src/stm32g4xx_it.o
 .ARM.attributes
                0x0000022a       0x34 ./Core/Src/system_stm32g4xx.o
 .ARM.attributes
                0x0000025e       0x21 ./Core/Startup/startup_stm32g473vetx.o
 .ARM.attributes
                0x0000027f       0x34 ./Drivers/STM32G4xx_HAL_Driver/Src/stm32g4xx_hal.o
 .ARM.attributes
                0x000002b3       0x34 ./Drivers/STM32G4xx_HAL_Driver/Src/stm32g4xx_hal_adc.o
 .ARM.attributes
                0x000002e7       0x34 ./Drivers/STM32G4xx_HAL_Driver/Src/stm32g4xx_hal_adc_ex.o
 .ARM.attributes
                0x0000031b       0x34 ./Drivers/STM32G4xx_HAL_Driver/Src/stm32g4xx_hal_cortex.o
 .ARM.attributes
                0x0000034f       0x34 ./Drivers/STM32G4xx_HAL_Driver/Src/stm32g4xx_hal_fdcan.o
 .ARM.attributes
                0x00000383       0x34 ./Drivers/STM32G4xx_HAL_Driver/Src/stm32g4xx_hal_gpio.o
 .ARM.attributes
                0x000003b7       0x34 ./Drivers/STM32G4xx_HAL_Driver/Src/stm32g4xx_hal_pwr_ex.o
 .ARM.attributes
                0x000003eb       0x34 ./Drivers/STM32G4xx_HAL_Driver/Src/stm32g4xx_hal_rcc.o
 .ARM.attributes
                0x0000041f       0x34 ./Drivers/STM32G4xx_HAL_Driver/Src/stm32g4xx_hal_rcc_ex.o
 .ARM.attributes
                0x00000453       0x34 ./Drivers/STM32G4xx_HAL_Driver/Src/stm32g4xx_hal_tim.o
 .ARM.attributes
                0x00000487       0x34 ./Drivers/STM32G4xx_HAL_Driver/Src/stm32g4xx_hal_tim_ex.o
 .ARM.attributes
                0x000004bb       0x34 ./Drivers/STM32G4xx_HAL_Driver/Src/stm32g4xx_hal_uart.o
 .ARM.attributes
                0x000004ef       0x34 ./Drivers/STM32G4xx_HAL_Driver/Src/stm32g4xx_hal_uart_ex.o
 .ARM.attributes
                0x00000523       0x34 C:/ST/STM32CubeIDE_1.16.1/STM32CubeIDE/plugins/com.st.stm32cube.ide.mcu.externaltools.gnu-tools-for-stm32.12.3.rel1.win32_1.0.200.202406191623/tools/bin/../lib/gcc/arm-none-eabi/12.3.1/../../../../arm-none-eabi/lib/thumb/v7e-m+fp/hard\libc_nano.a(libc_a-memset.o)
 .ARM.attributes
                0x00000557       0x34 C:/ST/STM32CubeIDE_1.16.1/STM32CubeIDE/plugins/com.st.stm32cube.ide.mcu.externaltools.gnu-tools-for-stm32.12.3.rel1.win32_1.0.200.202406191623/tools/bin/../lib/gcc/arm-none-eabi/12.3.1/../../../../arm-none-eabi/lib/thumb/v7e-m+fp/hard\libc_nano.a(libc_a-init.o)
 .ARM.attributes
                0x0000058b       0x22 C:/ST/STM32CubeIDE_1.16.1/STM32CubeIDE/plugins/com.st.stm32cube.ide.mcu.externaltools.gnu-tools-for-stm32.12.3.rel1.win32_1.0.200.202406191623/tools/bin/../lib/gcc/arm-none-eabi/12.3.1/thumb/v7e-m+fp/hard\libgcc.a(_aeabi_uldivmod.o)
 .ARM.attributes
                0x000005ad       0x34 C:/ST/STM32CubeIDE_1.16.1/STM32CubeIDE/plugins/com.st.stm32cube.ide.mcu.externaltools.gnu-tools-for-stm32.12.3.rel1.win32_1.0.200.202406191623/tools/bin/../lib/gcc/arm-none-eabi/12.3.1/thumb/v7e-m+fp/hard\libgcc.a(_udivmoddi4.o)
 .ARM.attributes
                0x000005e1       0x22 C:/ST/STM32CubeIDE_1.16.1/STM32CubeIDE/plugins/com.st.stm32cube.ide.mcu.externaltools.gnu-tools-for-stm32.12.3.rel1.win32_1.0.200.202406191623/tools/bin/../lib/gcc/arm-none-eabi/12.3.1/thumb/v7e-m+fp/hard\libgcc.a(_dvmd_tls.o)
 .ARM.attributes
                0x00000603       0x22 C:/ST/STM32CubeIDE_1.16.1/STM32CubeIDE/plugins/com.st.stm32cube.ide.mcu.externaltools.gnu-tools-for-stm32.12.3.rel1.win32_1.0.200.202406191623/tools/bin/../lib/gcc/arm-none-eabi/12.3.1/thumb/v7e-m+fp/hard/crtn.o
OUTPUT(BLDC_FW_V0.0.1.elf elf32-littlearm)
LOAD linker stubs
LOAD C:/ST/STM32CubeIDE_1.16.1/STM32CubeIDE/plugins/com.st.stm32cube.ide.mcu.externaltools.gnu-tools-for-stm32.12.3.rel1.win32_1.0.200.202406191623/tools/bin/../lib/gcc/arm-none-eabi/12.3.1/../../../../arm-none-eabi/lib/thumb/v7e-m+fp/hard\libc.a
LOAD C:/ST/STM32CubeIDE_1.16.1/STM32CubeIDE/plugins/com.st.stm32cube.ide.mcu.externaltools.gnu-tools-for-stm32.12.3.rel1.win32_1.0.200.202406191623/tools/bin/../lib/gcc/arm-none-eabi/12.3.1/../../../../arm-none-eabi/lib/thumb/v7e-m+fp/hard\libm.a
LOAD C:/ST/STM32CubeIDE_1.16.1/STM32CubeIDE/plugins/com.st.stm32cube.ide.mcu.externaltools.gnu-tools-for-stm32.12.3.rel1.win32_1.0.200.202406191623/tools/bin/../lib/gcc/arm-none-eabi/12.3.1/thumb/v7e-m+fp/hard\libgcc.a

.debug_info     0x00000000    0x208af
 .debug_info    0x00000000     0x124e ./Core/Src/bldc_adc.o
 .debug_info    0x0000124e     0x18c9 ./Core/Src/bldc_can.o
 .debug_info    0x00002b17     0x1020 ./Core/Src/bldc_hall.o
 .debug_info    0x00003b37     0x105d ./Core/Src/bldc_led.o
 .debug_info    0x00004b94     0x15d4 ./Core/Src/bldc_mgr.o
 .debug_info    0x00006168     0x1427 ./Core/Src/bldc_motor.o
 .debug_info    0x0000758f     0x233f ./Core/Src/main.o
 .debug_info    0x000098ce     0x2177 ./Core/Src/stm32g4xx_hal_msp.o
 .debug_info    0x0000ba45      0xdc4 ./Core/Src/stm32g4xx_it.o
 .debug_info    0x0000c809      0x58e ./Core/Src/system_stm32g4xx.o
 .debug_info    0x0000cd97       0x30 ./Core/Startup/startup_stm32g473vetx.o
 .debug_info    0x0000cdc7      0xb65 ./Drivers/STM32G4xx_HAL_Driver/Src/stm32g4xx_hal.o
 .debug_info    0x0000d92c     0x2063 ./Drivers/STM32G4xx_HAL_Driver/Src/stm32g4xx_hal_adc.o
 .debug_info    0x0000f98f     0x1d80 ./Drivers/STM32G4xx_HAL_Driver/Src/stm32g4xx_hal_adc_ex.o
 .debug_info    0x0001170f      0xdc9 ./Drivers/STM32G4xx_HAL_Driver/Src/stm32g4xx_hal_cortex.o
 .debug_info    0x000124d8     0x18b4 ./Drivers/STM32G4xx_HAL_Driver/Src/stm32g4xx_hal_fdcan.o
 .debug_info    0x00013d8c      0x772 ./Drivers/STM32G4xx_HAL_Driver/Src/stm32g4xx_hal_gpio.o
 .debug_info    0x000144fe      0x944 ./Drivers/STM32G4xx_HAL_Driver/Src/stm32g4xx_hal_pwr_ex.o
 .debug_info    0x00014e42      0xbf9 ./Drivers/STM32G4xx_HAL_Driver/Src/stm32g4xx_hal_rcc.o
 .debug_info    0x00015a3b      0xc5d ./Drivers/STM32G4xx_HAL_Driver/Src/stm32g4xx_hal_rcc_ex.o
 .debug_info    0x00016698     0x2c52 ./Drivers/STM32G4xx_HAL_Driver/Src/stm32g4xx_hal_tim.o
 .debug_info    0x000192ea     0x1d95 ./Drivers/STM32G4xx_HAL_Driver/Src/stm32g4xx_hal_tim_ex.o
 .debug_info    0x0001b07f     0x4854 ./Drivers/STM32G4xx_HAL_Driver/Src/stm32g4xx_hal_uart.o
 .debug_info    0x0001f8d3      0xfdc ./Drivers/STM32G4xx_HAL_Driver/Src/stm32g4xx_hal_uart_ex.o

.debug_abbrev   0x00000000     0x3912
 .debug_abbrev  0x00000000      0x273 ./Core/Src/bldc_adc.o
 .debug_abbrev  0x00000273      0x28c ./Core/Src/bldc_can.o
 .debug_abbrev  0x000004ff      0x233 ./Core/Src/bldc_hall.o
 .debug_abbrev  0x00000732      0x206 ./Core/Src/bldc_led.o
 .debug_abbrev  0x00000938      0x25f ./Core/Src/bldc_mgr.o
 .debug_abbrev  0x00000b97      0x335 ./Core/Src/bldc_motor.o
 .debug_abbrev  0x00000ecc      0x2fb ./Core/Src/main.o
 .debug_abbrev  0x000011c7      0x26f ./Core/Src/stm32g4xx_hal_msp.o
 .debug_abbrev  0x00001436      0x1ee ./Core/Src/stm32g4xx_it.o
 .debug_abbrev  0x00001624      0x11a ./Core/Src/system_stm32g4xx.o
 .debug_abbrev  0x0000173e       0x24 ./Core/Startup/startup_stm32g473vetx.o
 .debug_abbrev  0x00001762      0x271 ./Drivers/STM32G4xx_HAL_Driver/Src/stm32g4xx_hal.o
 .debug_abbrev  0x000019d3      0x2d3 ./Drivers/STM32G4xx_HAL_Driver/Src/stm32g4xx_hal_adc.o
 .debug_abbrev  0x00001ca6      0x2ee ./Drivers/STM32G4xx_HAL_Driver/Src/stm32g4xx_hal_adc_ex.o
 .debug_abbrev  0x00001f94      0x31c ./Drivers/STM32G4xx_HAL_Driver/Src/stm32g4xx_hal_cortex.o
 .debug_abbrev  0x000022b0      0x1f8 ./Drivers/STM32G4xx_HAL_Driver/Src/stm32g4xx_hal_fdcan.o
 .debug_abbrev  0x000024a8      0x1d2 ./Drivers/STM32G4xx_HAL_Driver/Src/stm32g4xx_hal_gpio.o
 .debug_abbrev  0x0000267a      0x22c ./Drivers/STM32G4xx_HAL_Driver/Src/stm32g4xx_hal_pwr_ex.o
 .debug_abbrev  0x000028a6      0x2c9 ./Drivers/STM32G4xx_HAL_Driver/Src/stm32g4xx_hal_rcc.o
 .debug_abbrev  0x00002b6f      0x261 ./Drivers/STM32G4xx_HAL_Driver/Src/stm32g4xx_hal_rcc_ex.o
 .debug_abbrev  0x00002dd0      0x2a7 ./Drivers/STM32G4xx_HAL_Driver/Src/stm32g4xx_hal_tim.o
 .debug_abbrev  0x00003077      0x2c5 ./Drivers/STM32G4xx_HAL_Driver/Src/stm32g4xx_hal_tim_ex.o
 .debug_abbrev  0x0000333c      0x304 ./Drivers/STM32G4xx_HAL_Driver/Src/stm32g4xx_hal_uart.o
 .debug_abbrev  0x00003640      0x2d2 ./Drivers/STM32G4xx_HAL_Driver/Src/stm32g4xx_hal_uart_ex.o

.debug_aranges  0x00000000     0x1818
 .debug_aranges
                0x00000000       0x48 ./Core/Src/bldc_adc.o
 .debug_aranges
                0x00000048       0x48 ./Core/Src/bldc_can.o
 .debug_aranges
                0x00000090       0x28 ./Core/Src/bldc_hall.o
 .debug_aranges
                0x000000b8       0x38 ./Core/Src/bldc_led.o
 .debug_aranges
                0x000000f0       0x30 ./Core/Src/bldc_mgr.o
 .debug_aranges
                0x00000120       0xa8 ./Core/Src/bldc_motor.o
 .debug_aranges
                0x000001c8       0x90 ./Core/Src/main.o
 .debug_aranges
                0x00000258       0x68 ./Core/Src/stm32g4xx_hal_msp.o
 .debug_aranges
                0x000002c0       0x98 ./Core/Src/stm32g4xx_it.o
 .debug_aranges
                0x00000358       0x28 ./Core/Src/system_stm32g4xx.o
 .debug_aranges
                0x00000380       0x28 ./Core/Startup/startup_stm32g473vetx.o
 .debug_aranges
                0x000003a8      0x148 ./Drivers/STM32G4xx_HAL_Driver/Src/stm32g4xx_hal.o
 .debug_aranges
                0x000004f0      0x248 ./Drivers/STM32G4xx_HAL_Driver/Src/stm32g4xx_hal_adc.o
 .debug_aranges
                0x00000738      0x1c0 ./Drivers/STM32G4xx_HAL_Driver/Src/stm32g4xx_hal_adc_ex.o
 .debug_aranges
                0x000008f8      0x128 ./Drivers/STM32G4xx_HAL_Driver/Src/stm32g4xx_hal_cortex.o
 .debug_aranges
                0x00000a20      0x208 ./Drivers/STM32G4xx_HAL_Driver/Src/stm32g4xx_hal_fdcan.o
 .debug_aranges
                0x00000c28       0x58 ./Drivers/STM32G4xx_HAL_Driver/Src/stm32g4xx_hal_gpio.o
 .debug_aranges
                0x00000c80      0x140 ./Drivers/STM32G4xx_HAL_Driver/Src/stm32g4xx_hal_pwr_ex.o
 .debug_aranges
                0x00000dc0       0x98 ./Drivers/STM32G4xx_HAL_Driver/Src/stm32g4xx_hal_rcc.o
 .debug_aranges
                0x00000e58       0xb0 ./Drivers/STM32G4xx_HAL_Driver/Src/stm32g4xx_hal_rcc_ex.o
 .debug_aranges
                0x00000f08      0x3e0 ./Drivers/STM32G4xx_HAL_Driver/Src/stm32g4xx_hal_tim.o
 .debug_aranges
                0x000012e8      0x240 ./Drivers/STM32G4xx_HAL_Driver/Src/stm32g4xx_hal_tim_ex.o
 .debug_aranges
                0x00001528      0x248 ./Drivers/STM32G4xx_HAL_Driver/Src/stm32g4xx_hal_uart.o
 .debug_aranges
                0x00001770       0xa8 ./Drivers/STM32G4xx_HAL_Driver/Src/stm32g4xx_hal_uart_ex.o

.debug_rnglists
                0x00000000     0x12cb
 .debug_rnglists
                0x00000000       0x35 ./Core/Src/bldc_adc.o
 .debug_rnglists
                0x00000035       0x43 ./Core/Src/bldc_can.o
 .debug_rnglists
                0x00000078       0x1b ./Core/Src/bldc_hall.o
 .debug_rnglists
                0x00000093       0x26 ./Core/Src/bldc_led.o
 .debug_rnglists
                0x000000b9       0x21 ./Core/Src/bldc_mgr.o
 .debug_rnglists
                0x000000da       0x81 ./Core/Src/bldc_motor.o
 .debug_rnglists
                0x0000015b       0x74 ./Core/Src/main.o
 .debug_rnglists
                0x000001cf       0x50 ./Core/Src/stm32g4xx_hal_msp.o
 .debug_rnglists
                0x0000021f       0x6d ./Core/Src/stm32g4xx_it.o
 .debug_rnglists
                0x0000028c       0x1a ./Core/Src/system_stm32g4xx.o
 .debug_rnglists
                0x000002a6       0x19 ./Core/Startup/startup_stm32g473vetx.o
 .debug_rnglists
                0x000002bf       0xf1 ./Drivers/STM32G4xx_HAL_Driver/Src/stm32g4xx_hal.o
 .debug_rnglists
                0x000003b0      0x1c0 ./Drivers/STM32G4xx_HAL_Driver/Src/stm32g4xx_hal_adc.o
 .debug_rnglists
                0x00000570      0x15a ./Drivers/STM32G4xx_HAL_Driver/Src/stm32g4xx_hal_adc_ex.o
 .debug_rnglists
                0x000006ca       0xda ./Drivers/STM32G4xx_HAL_Driver/Src/stm32g4xx_hal_cortex.o
 .debug_rnglists
                0x000007a4      0x18d ./Drivers/STM32G4xx_HAL_Driver/Src/stm32g4xx_hal_fdcan.o
 .debug_rnglists
                0x00000931       0x3f ./Drivers/STM32G4xx_HAL_Driver/Src/stm32g4xx_hal_gpio.o
 .debug_rnglists
                0x00000970       0xf1 ./Drivers/STM32G4xx_HAL_Driver/Src/stm32g4xx_hal_pwr_ex.o
 .debug_rnglists
                0x00000a61       0x74 ./Drivers/STM32G4xx_HAL_Driver/Src/stm32g4xx_hal_rcc.o
 .debug_rnglists
                0x00000ad5       0x87 ./Drivers/STM32G4xx_HAL_Driver/Src/stm32g4xx_hal_rcc_ex.o
 .debug_rnglists
                0x00000b5c      0x32d ./Drivers/STM32G4xx_HAL_Driver/Src/stm32g4xx_hal_tim.o
 .debug_rnglists
                0x00000e89      0x1cc ./Drivers/STM32G4xx_HAL_Driver/Src/stm32g4xx_hal_tim_ex.o
 .debug_rnglists
                0x00001055      0x1f7 ./Drivers/STM32G4xx_HAL_Driver/Src/stm32g4xx_hal_uart.o
 .debug_rnglists
                0x0000124c       0x7f ./Drivers/STM32G4xx_HAL_Driver/Src/stm32g4xx_hal_uart_ex.o

.debug_macro    0x00000000    0x24725
 .debug_macro   0x00000000      0x227 ./Core/Src/bldc_adc.o
 .debug_macro   0x00000227      0xab4 ./Core/Src/bldc_adc.o
 .debug_macro   0x00000cdb      0x167 ./Core/Src/bldc_adc.o
 .debug_macro   0x00000e42       0x2e ./Core/Src/bldc_adc.o
 .debug_macro   0x00000e70       0x28 ./Core/Src/bldc_adc.o
 .debug_macro   0x00000e98       0x22 ./Core/Src/bldc_adc.o
 .debug_macro   0x00000eba       0x8e ./Core/Src/bldc_adc.o
 .debug_macro   0x00000f48       0x51 ./Core/Src/bldc_adc.o
 .debug_macro   0x00000f99      0x103 ./Core/Src/bldc_adc.o
 .debug_macro   0x0000109c       0x6a ./Core/Src/bldc_adc.o
 .debug_macro   0x00001106      0x1df ./Core/Src/bldc_adc.o
 .debug_macro   0x000012e5       0x1c ./Core/Src/bldc_adc.o
 .debug_macro   0x00001301       0x22 ./Core/Src/bldc_adc.o
 .debug_macro   0x00001323       0xfb ./Core/Src/bldc_adc.o
 .debug_macro   0x0000141e     0x1011 ./Core/Src/bldc_adc.o
 .debug_macro   0x0000242f      0x11f ./Core/Src/bldc_adc.o
 .debug_macro   0x0000254e    0x130df ./Core/Src/bldc_adc.o
 .debug_macro   0x0001562d       0x6d ./Core/Src/bldc_adc.o
 .debug_macro   0x0001569a     0x3558 ./Core/Src/bldc_adc.o
 .debug_macro   0x00018bf2      0x189 ./Core/Src/bldc_adc.o
 .debug_macro   0x00018d7b       0x5c ./Core/Src/bldc_adc.o
 .debug_macro   0x00018dd7     0x16d9 ./Core/Src/bldc_adc.o
 .debug_macro   0x0001a4b0      0x600 ./Core/Src/bldc_adc.o
 .debug_macro   0x0001aab0      0x1b6 ./Core/Src/bldc_adc.o
 .debug_macro   0x0001ac66      0x336 ./Core/Src/bldc_adc.o
 .debug_macro   0x0001af9c      0x50b ./Core/Src/bldc_adc.o
 .debug_macro   0x0001b4a7      0x18b ./Core/Src/bldc_adc.o
 .debug_macro   0x0001b632       0x43 ./Core/Src/bldc_adc.o
 .debug_macro   0x0001b675      0x23d ./Core/Src/bldc_adc.o
 .debug_macro   0x0001b8b2     0x1111 ./Core/Src/bldc_adc.o
 .debug_macro   0x0001c9c3      0x72e ./Core/Src/bldc_adc.o
 .debug_macro   0x0001d0f1      0x391 ./Core/Src/bldc_adc.o
 .debug_macro   0x0001d482      0x211 ./Core/Src/bldc_adc.o
 .debug_macro   0x0001d693      0x6bd ./Core/Src/bldc_adc.o
 .debug_macro   0x0001dd50      0x45c ./Core/Src/bldc_adc.o
 .debug_macro   0x0001e1ac      0x11c ./Core/Src/bldc_adc.o
 .debug_macro   0x0001e2c8      0x122 ./Core/Src/bldc_adc.o
 .debug_macro   0x0001e3ea      0x3d1 ./Core/Src/bldc_adc.o
 .debug_macro   0x0001e7bb      0xc0b ./Core/Src/bldc_adc.o
 .debug_macro   0x0001f3c6      0x718 ./Core/Src/bldc_adc.o
 .debug_macro   0x0001fade      0x693 ./Core/Src/bldc_adc.o
 .debug_macro   0x00020171       0xa6 ./Core/Src/bldc_adc.o
 .debug_macro   0x00020217      0x34a ./Core/Src/bldc_adc.o
 .debug_macro   0x00020561      0x214 ./Core/Src/bldc_adc.o
 .debug_macro   0x00020775      0x1af ./Core/Src/bldc_adc.o
 .debug_macro   0x00020924      0x240 ./Core/Src/bldc_can.o
 .debug_macro   0x00020b64       0x6a ./Core/Src/bldc_can.o
 .debug_macro   0x00020bce      0x22b ./Core/Src/bldc_hall.o
 .debug_macro   0x00020df9      0x243 ./Core/Src/bldc_led.o
 .debug_macro   0x0002103c      0x252 ./Core/Src/bldc_mgr.o
 .debug_macro   0x0002128e       0x70 ./Core/Src/bldc_mgr.o
 .debug_macro   0x000212fe      0x306 ./Core/Src/bldc_motor.o
 .debug_macro   0x00021604       0x5b ./Core/Src/bldc_motor.o
 .debug_macro   0x0002165f       0x2a ./Core/Src/bldc_motor.o
 .debug_macro   0x00021689       0x94 ./Core/Src/bldc_motor.o
 .debug_macro   0x0002171d       0x43 ./Core/Src/bldc_motor.o
 .debug_macro   0x00021760       0x34 ./Core/Src/bldc_motor.o
 .debug_macro   0x00021794       0x16 ./Core/Src/bldc_motor.o
 .debug_macro   0x000217aa       0x43 ./Core/Src/bldc_motor.o
 .debug_macro   0x000217ed       0x57 ./Core/Src/bldc_motor.o
 .debug_macro   0x00021844       0x34 ./Core/Src/bldc_motor.o
 .debug_macro   0x00021878       0x10 ./Core/Src/bldc_motor.o
 .debug_macro   0x00021888       0x58 ./Core/Src/bldc_motor.o
 .debug_macro   0x000218e0       0x8e ./Core/Src/bldc_motor.o
 .debug_macro   0x0002196e       0x1c ./Core/Src/bldc_motor.o
 .debug_macro   0x0002198a      0x177 ./Core/Src/bldc_motor.o
 .debug_macro   0x00021b01      0x369 ./Core/Src/bldc_motor.o
 .debug_macro   0x00021e6a       0x10 ./Core/Src/bldc_motor.o
 .debug_macro   0x00021e7a       0x35 ./Core/Src/bldc_motor.o
 .debug_macro   0x00021eaf       0x20 ./Core/Src/bldc_motor.o
 .debug_macro   0x00021ecf      0x19b ./Core/Src/bldc_motor.o
 .debug_macro   0x0002206a       0x56 ./Core/Src/bldc_motor.o
 .debug_macro   0x000220c0      0x214 ./Core/Src/main.o
 .debug_macro   0x000222d4      0x20e ./Core/Src/main.o
 .debug_macro   0x000224e2      0x20a ./Core/Src/stm32g4xx_hal_msp.o
 .debug_macro   0x000226ec      0x214 ./Core/Src/stm32g4xx_it.o
 .debug_macro   0x00022900      0x1fb ./Core/Src/system_stm32g4xx.o
 .debug_macro   0x00022afb      0x249 ./Drivers/STM32G4xx_HAL_Driver/Src/stm32g4xx_hal.o
 .debug_macro   0x00022d44      0x218 ./Drivers/STM32G4xx_HAL_Driver/Src/stm32g4xx_hal_adc.o
 .debug_macro   0x00022f5c      0x207 ./Drivers/STM32G4xx_HAL_Driver/Src/stm32g4xx_hal_adc_ex.o
 .debug_macro   0x00023163      0x1fb ./Drivers/STM32G4xx_HAL_Driver/Src/stm32g4xx_hal_cortex.o
 .debug_macro   0x0002335e      0x30d ./Drivers/STM32G4xx_HAL_Driver/Src/stm32g4xx_hal_fdcan.o
 .debug_macro   0x0002366b      0x202 ./Drivers/STM32G4xx_HAL_Driver/Src/stm32g4xx_hal_gpio.o
 .debug_macro   0x0002386d      0x225 ./Drivers/STM32G4xx_HAL_Driver/Src/stm32g4xx_hal_pwr_ex.o
 .debug_macro   0x00023a92      0x23d ./Drivers/STM32G4xx_HAL_Driver/Src/stm32g4xx_hal_rcc.o
 .debug_macro   0x00023ccf      0x225 ./Drivers/STM32G4xx_HAL_Driver/Src/stm32g4xx_hal_rcc_ex.o
 .debug_macro   0x00023ef4      0x203 ./Drivers/STM32G4xx_HAL_Driver/Src/stm32g4xx_hal_tim.o
 .debug_macro   0x000240f7      0x201 ./Drivers/STM32G4xx_HAL_Driver/Src/stm32g4xx_hal_tim_ex.o
 .debug_macro   0x000242f8      0x226 ./Drivers/STM32G4xx_HAL_Driver/Src/stm32g4xx_hal_uart.o
 .debug_macro   0x0002451e      0x207 ./Drivers/STM32G4xx_HAL_Driver/Src/stm32g4xx_hal_uart_ex.o

.debug_line     0x00000000    0x1cc6d
 .debug_line    0x00000000      0xb30 ./Core/Src/bldc_adc.o
 .debug_line    0x00000b30      0xb64 ./Core/Src/bldc_can.o
 .debug_line    0x00001694      0x85e ./Core/Src/bldc_hall.o
 .debug_line    0x00001ef2      0x8da ./Core/Src/bldc_led.o
 .debug_line    0x000027cc      0x97f ./Core/Src/bldc_mgr.o
 .debug_line    0x0000314b     0x114c ./Core/Src/bldc_motor.o
 .debug_line    0x00004297      0xe83 ./Core/Src/main.o
 .debug_line    0x0000511a      0xbfd ./Core/Src/stm32g4xx_hal_msp.o
 .debug_line    0x00005d17      0x934 ./Core/Src/stm32g4xx_it.o
 .debug_line    0x0000664b      0x836 ./Core/Src/system_stm32g4xx.o
 .debug_line    0x00006e81       0x7b ./Core/Startup/startup_stm32g473vetx.o
 .debug_line    0x00006efc      0xbf2 ./Drivers/STM32G4xx_HAL_Driver/Src/stm32g4xx_hal.o
 .debug_line    0x00007aee     0x231b ./Drivers/STM32G4xx_HAL_Driver/Src/stm32g4xx_hal_adc.o
 .debug_line    0x00009e09     0x1cc5 ./Drivers/STM32G4xx_HAL_Driver/Src/stm32g4xx_hal_adc_ex.o
 .debug_line    0x0000bace      0xd85 ./Drivers/STM32G4xx_HAL_Driver/Src/stm32g4xx_hal_cortex.o
 .debug_line    0x0000c853     0x19ee ./Drivers/STM32G4xx_HAL_Driver/Src/stm32g4xx_hal_fdcan.o
 .debug_line    0x0000e241      0xc26 ./Drivers/STM32G4xx_HAL_Driver/Src/stm32g4xx_hal_gpio.o
 .debug_line    0x0000ee67      0xd61 ./Drivers/STM32G4xx_HAL_Driver/Src/stm32g4xx_hal_pwr_ex.o
 .debug_line    0x0000fbc8      0xfbd ./Drivers/STM32G4xx_HAL_Driver/Src/stm32g4xx_hal_rcc.o
 .debug_line    0x00010b85     0x12d0 ./Drivers/STM32G4xx_HAL_Driver/Src/stm32g4xx_hal_rcc_ex.o
 .debug_line    0x00011e55     0x4168 ./Drivers/STM32G4xx_HAL_Driver/Src/stm32g4xx_hal_tim.o
 .debug_line    0x00015fbd     0x21f5 ./Drivers/STM32G4xx_HAL_Driver/Src/stm32g4xx_hal_tim_ex.o
 .debug_line    0x000181b2     0x3ca3 ./Drivers/STM32G4xx_HAL_Driver/Src/stm32g4xx_hal_uart.o
 .debug_line    0x0001be55      0xe18 ./Drivers/STM32G4xx_HAL_Driver/Src/stm32g4xx_hal_uart_ex.o

.debug_str      0x00000000    0xf5979
 .debug_str     0x00000000    0xea24c ./Core/Src/bldc_adc.o
                              0xea949 (size before relaxing)
 .debug_str     0x000ea24c      0x822 ./Core/Src/bldc_can.o
                              0xeaf99 (size before relaxing)
 .debug_str     0x000eaa6e       0xf4 ./Core/Src/bldc_hall.o
                              0xea800 (size before relaxing)
 .debug_str     0x000eab62      0x170 ./Core/Src/bldc_led.o
                              0xea8f7 (size before relaxing)
 .debug_str     0x000eacd2       0xb2 ./Core/Src/bldc_mgr.o
                              0xeada5 (size before relaxing)
 .debug_str     0x000ead84     0x3ad1 ./Core/Src/bldc_motor.o
                              0xee2e7 (size before relaxing)
 .debug_str     0x000ee855      0x9f8 ./Core/Src/main.o
                              0xeae1e (size before relaxing)
 .debug_str     0x000ef24d      0x903 ./Core/Src/stm32g4xx_hal_msp.o
                              0xeaf5f (size before relaxing)
 .debug_str     0x000efb50      0x181 ./Core/Src/stm32g4xx_it.o
                              0xea121 (size before relaxing)
 .debug_str     0x000efcd1       0xdb ./Core/Src/system_stm32g4xx.o
                              0xe8fe4 (size before relaxing)
 .debug_str     0x000efdac       0x44 ./Core/Startup/startup_stm32g473vetx.o
                                 0x79 (size before relaxing)
 .debug_str     0x000efdf0      0x5d1 ./Drivers/STM32G4xx_HAL_Driver/Src/stm32g4xx_hal.o
                              0xe9c6d (size before relaxing)
 .debug_str     0x000f03c1      0xabe ./Drivers/STM32G4xx_HAL_Driver/Src/stm32g4xx_hal_adc.o
                              0xea011 (size before relaxing)
 .debug_str     0x000f0e7f      0x691 ./Drivers/STM32G4xx_HAL_Driver/Src/stm32g4xx_hal_adc_ex.o
                              0xe9fb7 (size before relaxing)
 .debug_str     0x000f1510      0x355 ./Drivers/STM32G4xx_HAL_Driver/Src/stm32g4xx_hal_cortex.o
                              0xe9929 (size before relaxing)
 .debug_str     0x000f1865     0x110c ./Drivers/STM32G4xx_HAL_Driver/Src/stm32g4xx_hal_fdcan.o
                              0xea58b (size before relaxing)
 .debug_str     0x000f2971       0xff ./Drivers/STM32G4xx_HAL_Driver/Src/stm32g4xx_hal_gpio.o
                              0xe916f (size before relaxing)
 .debug_str     0x000f2a70      0x495 ./Drivers/STM32G4xx_HAL_Driver/Src/stm32g4xx_hal_pwr_ex.o
                              0xe94d2 (size before relaxing)
 .debug_str     0x000f2f05      0x506 ./Drivers/STM32G4xx_HAL_Driver/Src/stm32g4xx_hal_rcc.o
                              0xe9703 (size before relaxing)
 .debug_str     0x000f340b      0x40b ./Drivers/STM32G4xx_HAL_Driver/Src/stm32g4xx_hal_rcc_ex.o
                              0xe972d (size before relaxing)
 .debug_str     0x000f3816      0xe15 ./Drivers/STM32G4xx_HAL_Driver/Src/stm32g4xx_hal_tim.o
                              0xea4e2 (size before relaxing)
 .debug_str     0x000f462b      0x71f ./Drivers/STM32G4xx_HAL_Driver/Src/stm32g4xx_hal_tim_ex.o
                              0xea156 (size before relaxing)
 .debug_str     0x000f4d4a      0x9cb ./Drivers/STM32G4xx_HAL_Driver/Src/stm32g4xx_hal_uart.o
                              0xe9f9f (size before relaxing)
 .debug_str     0x000f5715      0x264 ./Drivers/STM32G4xx_HAL_Driver/Src/stm32g4xx_hal_uart_ex.o
                              0xe979d (size before relaxing)

.comment        0x00000000       0x43
 .comment       0x00000000       0x43 ./Core/Src/bldc_adc.o
                                 0x44 (size before relaxing)
 .comment       0x00000043       0x44 ./Core/Src/bldc_can.o
 .comment       0x00000043       0x44 ./Core/Src/bldc_hall.o
 .comment       0x00000043       0x44 ./Core/Src/bldc_led.o
 .comment       0x00000043       0x44 ./Core/Src/bldc_mgr.o
 .comment       0x00000043       0x44 ./Core/Src/bldc_motor.o
 .comment       0x00000043       0x44 ./Core/Src/main.o
 .comment       0x00000043       0x44 ./Core/Src/stm32g4xx_hal_msp.o
 .comment       0x00000043       0x44 ./Core/Src/stm32g4xx_it.o
 .comment       0x00000043       0x44 ./Core/Src/system_stm32g4xx.o
 .comment       0x00000043       0x44 ./Drivers/STM32G4xx_HAL_Driver/Src/stm32g4xx_hal.o
 .comment       0x00000043       0x44 ./Drivers/STM32G4xx_HAL_Driver/Src/stm32g4xx_hal_adc.o
 .comment       0x00000043       0x44 ./Drivers/STM32G4xx_HAL_Driver/Src/stm32g4xx_hal_adc_ex.o
 .comment       0x00000043       0x44 ./Drivers/STM32G4xx_HAL_Driver/Src/stm32g4xx_hal_cortex.o
 .comment       0x00000043       0x44 ./Drivers/STM32G4xx_HAL_Driver/Src/stm32g4xx_hal_fdcan.o
 .comment       0x00000043       0x44 ./Drivers/STM32G4xx_HAL_Driver/Src/stm32g4xx_hal_gpio.o
 .comment       0x00000043       0x44 ./Drivers/STM32G4xx_HAL_Driver/Src/stm32g4xx_hal_pwr_ex.o
 .comment       0x00000043       0x44 ./Drivers/STM32G4xx_HAL_Driver/Src/stm32g4xx_hal_rcc.o
 .comment       0x00000043       0x44 ./Drivers/STM32G4xx_HAL_Driver/Src/stm32g4xx_hal_rcc_ex.o
 .comment       0x00000043       0x44 ./Drivers/STM32G4xx_HAL_Driver/Src/stm32g4xx_hal_tim.o
 .comment       0x00000043       0x44 ./Drivers/STM32G4xx_HAL_Driver/Src/stm32g4xx_hal_tim_ex.o
 .comment       0x00000043       0x44 ./Drivers/STM32G4xx_HAL_Driver/Src/stm32g4xx_hal_uart.o
 .comment       0x00000043       0x44 ./Drivers/STM32G4xx_HAL_Driver/Src/stm32g4xx_hal_uart_ex.o

.debug_frame    0x00000000     0x67ec
 .debug_frame   0x00000000       0xf0 ./Core/Src/bldc_adc.o
 .debug_frame   0x000000f0       0xe8 ./Core/Src/bldc_can.o
 .debug_frame   0x000001d8       0x58 ./Core/Src/bldc_hall.o
 .debug_frame   0x00000230       0x8c ./Core/Src/bldc_led.o
 .debug_frame   0x000002bc       0x7c ./Core/Src/bldc_mgr.o
 .debug_frame   0x00000338      0x2c8 ./Core/Src/bldc_motor.o
 .debug_frame   0x00000600      0x210 ./Core/Src/main.o
 .debug_frame   0x00000810      0x184 ./Core/Src/stm32g4xx_hal_msp.o
 .debug_frame   0x00000994      0x1c8 ./Core/Src/stm32g4xx_it.o
 .debug_frame   0x00000b5c       0x58 ./Core/Src/system_stm32g4xx.o
 .debug_frame   0x00000bb4      0x500 ./Drivers/STM32G4xx_HAL_Driver/Src/stm32g4xx_hal.o
 .debug_frame   0x000010b4      0xacc ./Drivers/STM32G4xx_HAL_Driver/Src/stm32g4xx_hal_adc.o
 .debug_frame   0x00001b80      0x81c ./Drivers/STM32G4xx_HAL_Driver/Src/stm32g4xx_hal_adc_ex.o
 .debug_frame   0x0000239c      0x4e8 ./Drivers/STM32G4xx_HAL_Driver/Src/stm32g4xx_hal_cortex.o
 .debug_frame   0x00002884      0x9ac ./Drivers/STM32G4xx_HAL_Driver/Src/stm32g4xx_hal_fdcan.o
 .debug_frame   0x00003230      0x14c ./Drivers/STM32G4xx_HAL_Driver/Src/stm32g4xx_hal_gpio.o
 .debug_frame   0x0000337c      0x4fc ./Drivers/STM32G4xx_HAL_Driver/Src/stm32g4xx_hal_pwr_ex.o
 .debug_frame   0x00003878      0x23c ./Drivers/STM32G4xx_HAL_Driver/Src/stm32g4xx_hal_rcc.o
 .debug_frame   0x00003ab4      0x2ac ./Drivers/STM32G4xx_HAL_Driver/Src/stm32g4xx_hal_rcc_ex.o
 .debug_frame   0x00003d60     0x121c ./Drivers/STM32G4xx_HAL_Driver/Src/stm32g4xx_hal_tim.o
 .debug_frame   0x00004f7c      0xa70 ./Drivers/STM32G4xx_HAL_Driver/Src/stm32g4xx_hal_tim_ex.o
 .debug_frame   0x000059ec      0xa94 ./Drivers/STM32G4xx_HAL_Driver/Src/stm32g4xx_hal_uart.o
 .debug_frame   0x00006480      0x2c0 ./Drivers/STM32G4xx_HAL_Driver/Src/stm32g4xx_hal_uart_ex.o
 .debug_frame   0x00006740       0x20 C:/ST/STM32CubeIDE_1.16.1/STM32CubeIDE/plugins/com.st.stm32cube.ide.mcu.externaltools.gnu-tools-for-stm32.12.3.rel1.win32_1.0.200.202406191623/tools/bin/../lib/gcc/arm-none-eabi/12.3.1/../../../../arm-none-eabi/lib/thumb/v7e-m+fp/hard\libc_nano.a(libc_a-memset.o)
 .debug_frame   0x00006760       0x2c C:/ST/STM32CubeIDE_1.16.1/STM32CubeIDE/plugins/com.st.stm32cube.ide.mcu.externaltools.gnu-tools-for-stm32.12.3.rel1.win32_1.0.200.202406191623/tools/bin/../lib/gcc/arm-none-eabi/12.3.1/../../../../arm-none-eabi/lib/thumb/v7e-m+fp/hard\libc_nano.a(libc_a-init.o)
 .debug_frame   0x0000678c       0x2c C:/ST/STM32CubeIDE_1.16.1/STM32CubeIDE/plugins/com.st.stm32cube.ide.mcu.externaltools.gnu-tools-for-stm32.12.3.rel1.win32_1.0.200.202406191623/tools/bin/../lib/gcc/arm-none-eabi/12.3.1/thumb/v7e-m+fp/hard\libgcc.a(_aeabi_uldivmod.o)
 .debug_frame   0x000067b8       0x34 C:/ST/STM32CubeIDE_1.16.1/STM32CubeIDE/plugins/com.st.stm32cube.ide.mcu.externaltools.gnu-tools-for-stm32.12.3.rel1.win32_1.0.200.202406191623/tools/bin/../lib/gcc/arm-none-eabi/12.3.1/thumb/v7e-m+fp/hard\libgcc.a(_udivmoddi4.o)

.debug_line_str
                0x00000000       0x5d
 .debug_line_str
                0x00000000       0x5d ./Core/Startup/startup_stm32g473vetx.o
